Analysis & Synthesis report for lyrics_vga_top
Fri May 15 14:20:22 2026
Quartus II 64-Bit Version 13.0.1 Build 232 06/12/2013 Service Pack 1 SJ Web Edition


---------------------
; Table of Contents ;
---------------------
  1. Legal Notice
  2. Analysis & Synthesis Summary
  3. Analysis & Synthesis Settings
  4. Parallel Compilation
  5. Analysis & Synthesis Source Files Read
  6. Analysis & Synthesis Resource Usage Summary
  7. Analysis & Synthesis Resource Utilization by Entity
  8. Analysis & Synthesis RAM Summary
  9. Registers Removed During Synthesis
 10. General Register Statistics
 11. Inverted Register Statistics
 12. Registers Packed Into Inferred Megafunctions
 13. Multiplexer Restructuring Statistics (Restructuring Performed)
 14. Source assignments for text_renderer:u_text_renderer|font_rom:u_font_rom|altsyncram:rom_rtl_0|altsyncram_dm71:auto_generated
 15. Source assignments for text_renderer:u_text_renderer|lyric_rom:u_lyric_rom|altsyncram:rom_rtl_0|altsyncram_js71:auto_generated
 16. Parameter Settings for Inferred Entity Instance: text_renderer:u_text_renderer|font_rom:u_font_rom|altsyncram:rom_rtl_0
 17. Parameter Settings for Inferred Entity Instance: text_renderer:u_text_renderer|lyric_rom:u_lyric_rom|altsyncram:rom_rtl_0
 18. altsyncram Parameter Settings by Entity Instance
 19. Port Connectivity Checks: "text_renderer:u_text_renderer|lyric_rom:u_lyric_rom"
 20. Elapsed Time Per Partition
 21. Analysis & Synthesis Messages



----------------
; Legal Notice ;
----------------
Copyright (C) 1991-2013 Altera Corporation
Your use of Altera Corporation's design tools, logic functions 
and other software and tools, and its AMPP partner logic 
functions, and any output files from any of the foregoing 
(including device programming or simulation files), and any 
associated documentation or information are expressly subject 
to the terms and conditions of the Altera Program License 
Subscription Agreement, Altera MegaCore Function License 
Agreement, or other applicable license agreement, including, 
without limitation, that your use is for the sole purpose of 
programming logic devices manufactured by Altera and sold by 
Altera or its authorized distributors.  Please refer to the 
applicable agreement for further details.



+--------------------------------------------------------------------------------------+
; Analysis & Synthesis Summary                                                         ;
+------------------------------------+-------------------------------------------------+
; Analysis & Synthesis Status        ; Successful - Fri May 15 14:20:22 2026           ;
; Quartus II 64-Bit Version          ; 13.0.1 Build 232 06/12/2013 SP 1 SJ Web Edition ;
; Revision Name                      ; lyrics_vga_top                                  ;
; Top-level Entity Name              ; lyrics_vga_top                                  ;
; Family                             ; Cyclone II                                      ;
; Total logic elements               ; 154                                             ;
;     Total combinational functions  ; 143                                             ;
;     Dedicated logic registers      ; 77                                              ;
; Total registers                    ; 77                                              ;
; Total pins                         ; 22                                              ;
; Total virtual pins                 ; 0                                               ;
; Total memory bits                  ; 24,224                                          ;
; Embedded Multiplier 9-bit elements ; 0                                               ;
; Total PLLs                         ; 0                                               ;
+------------------------------------+-------------------------------------------------+


+----------------------------------------------------------------------------------------------------------------------+
; Analysis & Synthesis Settings                                                                                        ;
+----------------------------------------------------------------------------+--------------------+--------------------+
; Option                                                                     ; Setting            ; Default Value      ;
+----------------------------------------------------------------------------+--------------------+--------------------+
; Device                                                                     ; EP2C35F672C6       ;                    ;
; Top-level entity name                                                      ; lyrics_vga_top     ; lyrics_vga_top     ;
; Family name                                                                ; Cyclone II         ; Cyclone IV GX      ;
; Use smart compilation                                                      ; Off                ; Off                ;
; Enable parallel Assembler and TimeQuest Timing Analyzer during compilation ; On                 ; On                 ;
; Enable compact report table                                                ; Off                ; Off                ;
; Restructure Multiplexers                                                   ; Auto               ; Auto               ;
; Create Debugging Nodes for IP Cores                                        ; Off                ; Off                ;
; Preserve fewer node names                                                  ; On                 ; On                 ;
; Disable OpenCore Plus hardware evaluation                                  ; Off                ; Off                ;
; Verilog Version                                                            ; Verilog_2001       ; Verilog_2001       ;
; VHDL Version                                                               ; VHDL_1993          ; VHDL_1993          ;
; State Machine Processing                                                   ; Auto               ; Auto               ;
; Safe State Machine                                                         ; Off                ; Off                ;
; Extract Verilog State Machines                                             ; On                 ; On                 ;
; Extract VHDL State Machines                                                ; On                 ; On                 ;
; Ignore Verilog initial constructs                                          ; Off                ; Off                ;
; Iteration limit for constant Verilog loops                                 ; 5000               ; 5000               ;
; Iteration limit for non-constant Verilog loops                             ; 250                ; 250                ;
; Add Pass-Through Logic to Inferred RAMs                                    ; On                 ; On                 ;
; Infer RAMs from Raw Logic                                                  ; On                 ; On                 ;
; Parallel Synthesis                                                         ; On                 ; On                 ;
; DSP Block Balancing                                                        ; Auto               ; Auto               ;
; NOT Gate Push-Back                                                         ; On                 ; On                 ;
; Power-Up Don't Care                                                        ; On                 ; On                 ;
; Remove Redundant Logic Cells                                               ; Off                ; Off                ;
; Remove Duplicate Registers                                                 ; On                 ; On                 ;
; Ignore CARRY Buffers                                                       ; Off                ; Off                ;
; Ignore CASCADE Buffers                                                     ; Off                ; Off                ;
; Ignore GLOBAL Buffers                                                      ; Off                ; Off                ;
; Ignore ROW GLOBAL Buffers                                                  ; Off                ; Off                ;
; Ignore LCELL Buffers                                                       ; Off                ; Off                ;
; Ignore SOFT Buffers                                                        ; On                 ; On                 ;
; Limit AHDL Integers to 32 Bits                                             ; Off                ; Off                ;
; Optimization Technique                                                     ; Balanced           ; Balanced           ;
; Carry Chain Length                                                         ; 70                 ; 70                 ;
; Auto Carry Chains                                                          ; On                 ; On                 ;
; Auto Open-Drain Pins                                                       ; On                 ; On                 ;
; Perform WYSIWYG Primitive Resynthesis                                      ; Off                ; Off                ;
; Auto ROM Replacement                                                       ; On                 ; On                 ;
; Auto RAM Replacement                                                       ; On                 ; On                 ;
; Auto Shift Register Replacement                                            ; Auto               ; Auto               ;
; Allow Shift Register Merging across Hierarchies                            ; Auto               ; Auto               ;
; Auto Clock Enable Replacement                                              ; On                 ; On                 ;
; Strict RAM Replacement                                                     ; Off                ; Off                ;
; Allow Synchronous Control Signals                                          ; On                 ; On                 ;
; Force Use of Synchronous Clear Signals                                     ; Off                ; Off                ;
; Auto RAM to Logic Cell Conversion                                          ; Off                ; Off                ;
; Auto Resource Sharing                                                      ; Off                ; Off                ;
; Allow Any RAM Size For Recognition                                         ; Off                ; Off                ;
; Allow Any ROM Size For Recognition                                         ; Off                ; Off                ;
; Allow Any Shift Register Size For Recognition                              ; Off                ; Off                ;
; Use LogicLock Constraints during Resource Balancing                        ; On                 ; On                 ;
; Ignore translate_off and synthesis_off directives                          ; Off                ; Off                ;
; Timing-Driven Synthesis                                                    ; Off                ; Off                ;
; Report Parameter Settings                                                  ; On                 ; On                 ;
; Report Source Assignments                                                  ; On                 ; On                 ;
; Report Connectivity Checks                                                 ; On                 ; On                 ;
; Ignore Maximum Fan-Out Assignments                                         ; Off                ; Off                ;
; Synchronization Register Chain Length                                      ; 2                  ; 2                  ;
; PowerPlay Power Optimization                                               ; Normal compilation ; Normal compilation ;
; HDL message level                                                          ; Level2             ; Level2             ;
; Suppress Register Optimization Related Messages                            ; Off                ; Off                ;
; Number of Removed Registers Reported in Synthesis Report                   ; 5000               ; 5000               ;
; Number of Swept Nodes Reported in Synthesis Report                         ; 5000               ; 5000               ;
; Number of Inverted Registers Reported in Synthesis Report                  ; 100                ; 100                ;
; Clock MUX Protection                                                       ; On                 ; On                 ;
; Auto Gated Clock Conversion                                                ; Off                ; Off                ;
; Block Design Naming                                                        ; Auto               ; Auto               ;
; SDC constraint protection                                                  ; Off                ; Off                ;
; Synthesis Effort                                                           ; Auto               ; Auto               ;
; Shift Register Replacement - Allow Asynchronous Clear Signal               ; On                 ; On                 ;
; Pre-Mapping Resynthesis Optimization                                       ; Off                ; Off                ;
; Analysis & Synthesis Message Level                                         ; Medium             ; Medium             ;
; Disable Register Merging Across Hierarchies                                ; Auto               ; Auto               ;
; Resource Aware Inference For Block RAM                                     ; On                 ; On                 ;
; Synthesis Seed                                                             ; 1                  ; 1                  ;
+----------------------------------------------------------------------------+--------------------+--------------------+


Parallel compilation was disabled, but you have multiple processors available. Enable parallel compilation to reduce compilation time.
+-------------------------------------+
; Parallel Compilation                ;
+----------------------------+--------+
; Processors                 ; Number ;
+----------------------------+--------+
; Number detected on machine ; 8      ;
; Maximum allowed            ; 1      ;
+----------------------------+--------+


+-------------------------------------------------------------------------------------------------------------------------------------------------------------------------------------------------------------------------------------+
; Analysis & Synthesis Source Files Read                                                                                                                                                                                              ;
+---------------------------------------------------+-----------------+-------------------------------------------------------+---------------------------------------------------------------------------------------------+---------+
; File Name with User-Entered Path                  ; Used in Netlist ; File Type                                             ; File Name with Absolute Path                                                                ; Library ;
+---------------------------------------------------+-----------------+-------------------------------------------------------+---------------------------------------------------------------------------------------------+---------+
; vga_sync.v                                        ; yes             ; User Verilog HDL File                                 ; E:/CE213.Q23/DoAnCE213.Q23/lyrics_vga_top/vga_sync.v                                        ;         ;
; font_rom.v                                        ; yes             ; User Verilog HDL File                                 ; E:/CE213.Q23/DoAnCE213.Q23/lyrics_vga_top/font_rom.v                                        ;         ;
; lyric_rom.v                                       ; yes             ; User Verilog HDL File                                 ; E:/CE213.Q23/DoAnCE213.Q23/lyrics_vga_top/lyric_rom.v                                       ;         ;
; text_renderer.v                                   ; yes             ; User Verilog HDL File                                 ; E:/CE213.Q23/DoAnCE213.Q23/lyrics_vga_top/text_renderer.v                                   ;         ;
; lyric_controller.v                                ; yes             ; User Verilog HDL File                                 ; E:/CE213.Q23/DoAnCE213.Q23/lyrics_vga_top/lyric_controller.v                                ;         ;
; lyrics_vga_top.v                                  ; yes             ; User Verilog HDL File                                 ; E:/CE213.Q23/DoAnCE213.Q23/lyrics_vga_top/lyrics_vga_top.v                                  ;         ;
; altsyncram.tdf                                    ; yes             ; Megafunction                                          ; c:/altera/13.0sp1/quartus/libraries/megafunctions/altsyncram.tdf                            ;         ;
; stratix_ram_block.inc                             ; yes             ; Megafunction                                          ; c:/altera/13.0sp1/quartus/libraries/megafunctions/stratix_ram_block.inc                     ;         ;
; lpm_mux.inc                                       ; yes             ; Megafunction                                          ; c:/altera/13.0sp1/quartus/libraries/megafunctions/lpm_mux.inc                               ;         ;
; lpm_decode.inc                                    ; yes             ; Megafunction                                          ; c:/altera/13.0sp1/quartus/libraries/megafunctions/lpm_decode.inc                            ;         ;
; aglobal130.inc                                    ; yes             ; Megafunction                                          ; c:/altera/13.0sp1/quartus/libraries/megafunctions/aglobal130.inc                            ;         ;
; a_rdenreg.inc                                     ; yes             ; Megafunction                                          ; c:/altera/13.0sp1/quartus/libraries/megafunctions/a_rdenreg.inc                             ;         ;
; altrom.inc                                        ; yes             ; Megafunction                                          ; c:/altera/13.0sp1/quartus/libraries/megafunctions/altrom.inc                                ;         ;
; altram.inc                                        ; yes             ; Megafunction                                          ; c:/altera/13.0sp1/quartus/libraries/megafunctions/altram.inc                                ;         ;
; altdpram.inc                                      ; yes             ; Megafunction                                          ; c:/altera/13.0sp1/quartus/libraries/megafunctions/altdpram.inc                              ;         ;
; db/altsyncram_dm71.tdf                            ; yes             ; Auto-Generated Megafunction                           ; E:/CE213.Q23/DoAnCE213.Q23/lyrics_vga_top/db/altsyncram_dm71.tdf                            ;         ;
; db/lyrics_vga_top.ram0_font_rom_e26a0106.hdl.mif  ; yes             ; Auto-Generated Auto-Found Memory Initialization File  ; E:/CE213.Q23/DoAnCE213.Q23/lyrics_vga_top/db/lyrics_vga_top.ram0_font_rom_e26a0106.hdl.mif  ;         ;
; db/altsyncram_js71.tdf                            ; yes             ; Auto-Generated Megafunction                           ; E:/CE213.Q23/DoAnCE213.Q23/lyrics_vga_top/db/altsyncram_js71.tdf                            ;         ;
; db/lyrics_vga_top.ram0_lyric_rom_d2dc245a.hdl.mif ; yes             ; Auto-Generated Auto-Found Memory Initialization File  ; E:/CE213.Q23/DoAnCE213.Q23/lyrics_vga_top/db/lyrics_vga_top.ram0_lyric_rom_d2dc245a.hdl.mif ;         ;
+---------------------------------------------------+-----------------+-------------------------------------------------------+---------------------------------------------------------------------------------------------+---------+


+--------------------------------------------------------+
; Analysis & Synthesis Resource Usage Summary            ;
+---------------------------------------------+----------+
; Resource                                    ; Usage    ;
+---------------------------------------------+----------+
; Estimated Total logic elements              ; 154      ;
;                                             ;          ;
; Total combinational functions               ; 143      ;
; Logic element usage by number of LUT inputs ;          ;
;     -- 4 input functions                    ; 41       ;
;     -- 3 input functions                    ; 25       ;
;     -- <=2 input functions                  ; 77       ;
;                                             ;          ;
; Logic elements by mode                      ;          ;
;     -- normal mode                          ; 78       ;
;     -- arithmetic mode                      ; 65       ;
;                                             ;          ;
; Total registers                             ; 77       ;
;     -- Dedicated logic registers            ; 77       ;
;     -- I/O registers                        ; 0        ;
;                                             ;          ;
; I/O pins                                    ; 22       ;
; Total memory bits                           ; 24224    ;
; Embedded Multiplier 9-bit elements          ; 0        ;
; Maximum fan-out node                        ; CLOCK_50 ;
; Maximum fan-out                             ; 92       ;
; Total fan-out                               ; 857      ;
; Average fan-out                             ; 3.33     ;
+---------------------------------------------+----------+


+---------------------------------------------------------------------------------------------------------------------------------------------------------------------------------------------------------------------------------------------------------------------------------------------------+
; Analysis & Synthesis Resource Utilization by Entity                                                                                                                                                                                                                                               ;
+----------------------------------------------+-------------------+--------------+-------------+--------------+---------+-----------+------+--------------+-------------------------------------------------------------------------------------------------------------------------+--------------+
; Compilation Hierarchy Node                   ; LC Combinationals ; LC Registers ; Memory Bits ; DSP Elements ; DSP 9x9 ; DSP 18x18 ; Pins ; Virtual Pins ; Full Hierarchy Name                                                                                                     ; Library Name ;
+----------------------------------------------+-------------------+--------------+-------------+--------------+---------+-----------+------+--------------+-------------------------------------------------------------------------------------------------------------------------+--------------+
; |lyrics_vga_top                              ; 143 (0)           ; 77 (0)       ; 24224       ; 0            ; 0       ; 0         ; 22   ; 0            ; |lyrics_vga_top                                                                                                         ; work         ;
;    |lyric_controller:u_lyric_ctrl|           ; 62 (62)           ; 35 (35)      ; 0           ; 0            ; 0       ; 0         ; 0    ; 0            ; |lyrics_vga_top|lyric_controller:u_lyric_ctrl                                                                           ; work         ;
;    |text_renderer:u_text_renderer|           ; 29 (15)           ; 21 (21)      ; 24224       ; 0            ; 0       ; 0         ; 0    ; 0            ; |lyrics_vga_top|text_renderer:u_text_renderer                                                                           ; work         ;
;       |font_rom:u_font_rom|                  ; 0 (0)             ; 0 (0)        ; 16384       ; 0            ; 0       ; 0         ; 0    ; 0            ; |lyrics_vga_top|text_renderer:u_text_renderer|font_rom:u_font_rom                                                       ; work         ;
;          |altsyncram:rom_rtl_0|              ; 0 (0)             ; 0 (0)        ; 16384       ; 0            ; 0       ; 0         ; 0    ; 0            ; |lyrics_vga_top|text_renderer:u_text_renderer|font_rom:u_font_rom|altsyncram:rom_rtl_0                                  ; work         ;
;             |altsyncram_dm71:auto_generated| ; 0 (0)             ; 0 (0)        ; 16384       ; 0            ; 0       ; 0         ; 0    ; 0            ; |lyrics_vga_top|text_renderer:u_text_renderer|font_rom:u_font_rom|altsyncram:rom_rtl_0|altsyncram_dm71:auto_generated   ; work         ;
;       |lyric_rom:u_lyric_rom|                ; 14 (14)           ; 0 (0)        ; 7840        ; 0            ; 0       ; 0         ; 0    ; 0            ; |lyrics_vga_top|text_renderer:u_text_renderer|lyric_rom:u_lyric_rom                                                     ; work         ;
;          |altsyncram:rom_rtl_0|              ; 0 (0)             ; 0 (0)        ; 7840        ; 0            ; 0       ; 0         ; 0    ; 0            ; |lyrics_vga_top|text_renderer:u_text_renderer|lyric_rom:u_lyric_rom|altsyncram:rom_rtl_0                                ; work         ;
;             |altsyncram_js71:auto_generated| ; 0 (0)             ; 0 (0)        ; 7840        ; 0            ; 0       ; 0         ; 0    ; 0            ; |lyrics_vga_top|text_renderer:u_text_renderer|lyric_rom:u_lyric_rom|altsyncram:rom_rtl_0|altsyncram_js71:auto_generated ; work         ;
;    |vga_sync:u_vga_sync|                     ; 52 (52)           ; 21 (21)      ; 0           ; 0            ; 0       ; 0         ; 0    ; 0            ; |lyrics_vga_top|vga_sync:u_vga_sync                                                                                     ; work         ;
+----------------------------------------------+-------------------+--------------+-------------+--------------+---------+-----------+------+--------------+-------------------------------------------------------------------------------------------------------------------------+--------------+
Note: For table entries with two numbers listed, the numbers in parentheses indicate the number of resources of the given type used by the specific entity alone. The numbers listed outside of parentheses indicate the total resources of the given type used by the specific entity and all of its sub-entities in the hierarchy.


+----------------------------------------------------------------------------------------------------------------------------------------------------------------------------------------------------------------------------------------------------------+
; Analysis & Synthesis RAM Summary                                                                                                                                                                                                                         ;
+--------------------------------------------------------------------------------------------------------------------+------+------+--------------+--------------+--------------+--------------+-------+---------------------------------------------------+
; Name                                                                                                               ; Type ; Mode ; Port A Depth ; Port A Width ; Port B Depth ; Port B Width ; Size  ; MIF                                               ;
+--------------------------------------------------------------------------------------------------------------------+------+------+--------------+--------------+--------------+--------------+-------+---------------------------------------------------+
; text_renderer:u_text_renderer|font_rom:u_font_rom|altsyncram:rom_rtl_0|altsyncram_dm71:auto_generated|ALTSYNCRAM   ; AUTO ; ROM  ; 2048         ; 8            ; --           ; --           ; 16384 ; db/lyrics_vga_top.ram0_font_rom_e26a0106.hdl.mif  ;
; text_renderer:u_text_renderer|lyric_rom:u_lyric_rom|altsyncram:rom_rtl_0|altsyncram_js71:auto_generated|ALTSYNCRAM ; AUTO ; ROM  ; 1120         ; 8            ; --           ; --           ; 8960  ; db/lyrics_vga_top.ram0_lyric_rom_d2dc245a.hdl.mif ;
+--------------------------------------------------------------------------------------------------------------------+------+------+--------------+--------------+--------------+--------------+-------+---------------------------------------------------+


+------------------------------------------------------------------------------------+
; Registers Removed During Synthesis                                                 ;
+-------------------------------------------+----------------------------------------+
; Register name                             ; Reason for Removal                     ;
+-------------------------------------------+----------------------------------------+
; text_renderer:u_text_renderer|vga_b[0]    ; Stuck at GND due to stuck port data_in ;
; text_renderer:u_text_renderer|vga_g[0]    ; Stuck at GND due to stuck port data_in ;
; text_renderer:u_text_renderer|vga_b[1..3] ; Stuck at GND due to stuck port data_in ;
; Total Number of Removed Registers = 5     ;                                        ;
+-------------------------------------------+----------------------------------------+


+------------------------------------------------------+
; General Register Statistics                          ;
+----------------------------------------------+-------+
; Statistic                                    ; Value ;
+----------------------------------------------+-------+
; Total registers                              ; 77    ;
; Number of registers using Synchronous Clear  ; 28    ;
; Number of registers using Synchronous Load   ; 0     ;
; Number of registers using Asynchronous Clear ; 77    ;
; Number of registers using Asynchronous Load  ; 0     ;
; Number of registers using Clock Enable       ; 25    ;
; Number of registers using Preset             ; 0     ;
+----------------------------------------------+-------+


+-------------------------------------------------------+
; Inverted Register Statistics                          ;
+---------------------------------------------+---------+
; Inverted Register                           ; Fan out ;
+---------------------------------------------+---------+
; lyric_controller:u_lyric_ctrl|key_prev_prev ; 2       ;
; lyric_controller:u_lyric_ctrl|key_next_prev ; 2       ;
; Total number of inverted registers = 2      ;         ;
+---------------------------------------------+---------+


+-------------------------------------------------------------------------------------------------------------------------------------------+
; Registers Packed Into Inferred Megafunctions                                                                                              ;
+--------------------------------------------------------------------+---------------------------------------------------------------+------+
; Register Name                                                      ; Megafunction                                                  ; Type ;
+--------------------------------------------------------------------+---------------------------------------------------------------+------+
; text_renderer:u_text_renderer|font_rom:u_font_rom|data[0..7]       ; text_renderer:u_text_renderer|font_rom:u_font_rom|rom_rtl_0   ; RAM  ;
; text_renderer:u_text_renderer|lyric_rom:u_lyric_rom|char_out[0..6] ; text_renderer:u_text_renderer|lyric_rom:u_lyric_rom|rom_rtl_0 ; RAM  ;
+--------------------------------------------------------------------+---------------------------------------------------------------+------+


+-------------------------------------------------------------------------------------------------------------------------------------------------------------------------+
; Multiplexer Restructuring Statistics (Restructuring Performed)                                                                                                          ;
+--------------------+-----------+---------------+----------------------+------------------------+------------+-----------------------------------------------------------+
; Multiplexer Inputs ; Bus Width ; Baseline Area ; Area if Restructured ; Saving if Restructured ; Registered ; Example Multiplexer Output                                ;
+--------------------+-----------+---------------+----------------------+------------------------+------------+-----------------------------------------------------------+
; 3:1                ; 28 bits   ; 56 LEs        ; 28 LEs               ; 28 LEs                 ; Yes        ; |lyrics_vga_top|lyric_controller:u_lyric_ctrl|auto_cnt[9] ;
; 5:1                ; 5 bits    ; 15 LEs        ; 10 LEs               ; 5 LEs                  ; Yes        ; |lyrics_vga_top|lyric_controller:u_lyric_ctrl|line_reg[4] ;
+--------------------+-----------+---------------+----------------------+------------------------+------------+-----------------------------------------------------------+


+------------------------------------------------------------------------------------------------------------------------------+
; Source assignments for text_renderer:u_text_renderer|font_rom:u_font_rom|altsyncram:rom_rtl_0|altsyncram_dm71:auto_generated ;
+---------------------------------+--------------------+------+----------------------------------------------------------------+
; Assignment                      ; Value              ; From ; To                                                             ;
+---------------------------------+--------------------+------+----------------------------------------------------------------+
; OPTIMIZE_POWER_DURING_SYNTHESIS ; NORMAL_COMPILATION ; -    ; -                                                              ;
+---------------------------------+--------------------+------+----------------------------------------------------------------+


+--------------------------------------------------------------------------------------------------------------------------------+
; Source assignments for text_renderer:u_text_renderer|lyric_rom:u_lyric_rom|altsyncram:rom_rtl_0|altsyncram_js71:auto_generated ;
+---------------------------------+--------------------+------+------------------------------------------------------------------+
; Assignment                      ; Value              ; From ; To                                                               ;
+---------------------------------+--------------------+------+------------------------------------------------------------------+
; OPTIMIZE_POWER_DURING_SYNTHESIS ; NORMAL_COMPILATION ; -    ; -                                                                ;
+---------------------------------+--------------------+------+------------------------------------------------------------------+


+-------------------------------------------------------------------------------------------------------------------------+
; Parameter Settings for Inferred Entity Instance: text_renderer:u_text_renderer|font_rom:u_font_rom|altsyncram:rom_rtl_0 ;
+------------------------------------+--------------------------------------------------+---------------------------------+
; Parameter Name                     ; Value                                            ; Type                            ;
+------------------------------------+--------------------------------------------------+---------------------------------+
; BYTE_SIZE_BLOCK                    ; 8                                                ; Untyped                         ;
; AUTO_CARRY_CHAINS                  ; ON                                               ; AUTO_CARRY                      ;
; IGNORE_CARRY_BUFFERS               ; OFF                                              ; IGNORE_CARRY                    ;
; AUTO_CASCADE_CHAINS                ; ON                                               ; AUTO_CASCADE                    ;
; IGNORE_CASCADE_BUFFERS             ; OFF                                              ; IGNORE_CASCADE                  ;
; WIDTH_BYTEENA                      ; 1                                                ; Untyped                         ;
; OPERATION_MODE                     ; ROM                                              ; Untyped                         ;
; WIDTH_A                            ; 8                                                ; Untyped                         ;
; WIDTHAD_A                          ; 11                                               ; Untyped                         ;
; NUMWORDS_A                         ; 2048                                             ; Untyped                         ;
; OUTDATA_REG_A                      ; UNREGISTERED                                     ; Untyped                         ;
; ADDRESS_ACLR_A                     ; NONE                                             ; Untyped                         ;
; OUTDATA_ACLR_A                     ; NONE                                             ; Untyped                         ;
; WRCONTROL_ACLR_A                   ; NONE                                             ; Untyped                         ;
; INDATA_ACLR_A                      ; NONE                                             ; Untyped                         ;
; BYTEENA_ACLR_A                     ; NONE                                             ; Untyped                         ;
; WIDTH_B                            ; 1                                                ; Untyped                         ;
; WIDTHAD_B                          ; 1                                                ; Untyped                         ;
; NUMWORDS_B                         ; 1                                                ; Untyped                         ;
; INDATA_REG_B                       ; CLOCK1                                           ; Untyped                         ;
; WRCONTROL_WRADDRESS_REG_B          ; CLOCK1                                           ; Untyped                         ;
; RDCONTROL_REG_B                    ; CLOCK1                                           ; Untyped                         ;
; ADDRESS_REG_B                      ; CLOCK1                                           ; Untyped                         ;
; OUTDATA_REG_B                      ; UNREGISTERED                                     ; Untyped                         ;
; BYTEENA_REG_B                      ; CLOCK1                                           ; Untyped                         ;
; INDATA_ACLR_B                      ; NONE                                             ; Untyped                         ;
; WRCONTROL_ACLR_B                   ; NONE                                             ; Untyped                         ;
; ADDRESS_ACLR_B                     ; NONE                                             ; Untyped                         ;
; OUTDATA_ACLR_B                     ; NONE                                             ; Untyped                         ;
; RDCONTROL_ACLR_B                   ; NONE                                             ; Untyped                         ;
; BYTEENA_ACLR_B                     ; NONE                                             ; Untyped                         ;
; WIDTH_BYTEENA_A                    ; 1                                                ; Untyped                         ;
; WIDTH_BYTEENA_B                    ; 1                                                ; Untyped                         ;
; RAM_BLOCK_TYPE                     ; AUTO                                             ; Untyped                         ;
; BYTE_SIZE                          ; 8                                                ; Untyped                         ;
; READ_DURING_WRITE_MODE_MIXED_PORTS ; DONT_CARE                                        ; Untyped                         ;
; READ_DURING_WRITE_MODE_PORT_A      ; NEW_DATA_NO_NBE_READ                             ; Untyped                         ;
; READ_DURING_WRITE_MODE_PORT_B      ; NEW_DATA_NO_NBE_READ                             ; Untyped                         ;
; INIT_FILE                          ; db/lyrics_vga_top.ram0_font_rom_e26a0106.hdl.mif ; Untyped                         ;
; INIT_FILE_LAYOUT                   ; PORT_A                                           ; Untyped                         ;
; MAXIMUM_DEPTH                      ; 0                                                ; Untyped                         ;
; CLOCK_ENABLE_INPUT_A               ; NORMAL                                           ; Untyped                         ;
; CLOCK_ENABLE_INPUT_B               ; NORMAL                                           ; Untyped                         ;
; CLOCK_ENABLE_OUTPUT_A              ; NORMAL                                           ; Untyped                         ;
; CLOCK_ENABLE_OUTPUT_B              ; NORMAL                                           ; Untyped                         ;
; CLOCK_ENABLE_CORE_A                ; USE_INPUT_CLKEN                                  ; Untyped                         ;
; CLOCK_ENABLE_CORE_B                ; USE_INPUT_CLKEN                                  ; Untyped                         ;
; ENABLE_ECC                         ; FALSE                                            ; Untyped                         ;
; ECC_PIPELINE_STAGE_ENABLED         ; FALSE                                            ; Untyped                         ;
; WIDTH_ECCSTATUS                    ; 3                                                ; Untyped                         ;
; DEVICE_FAMILY                      ; Cyclone II                                       ; Untyped                         ;
; CBXI_PARAMETER                     ; altsyncram_dm71                                  ; Untyped                         ;
+------------------------------------+--------------------------------------------------+---------------------------------+
Note: In order to hide this table in the UI and the text report file, please set the "Show Parameter Settings in Synthesis Report" option in "Analysis and Synthesis Settings -> More Settings" to "Off".


+---------------------------------------------------------------------------------------------------------------------------+
; Parameter Settings for Inferred Entity Instance: text_renderer:u_text_renderer|lyric_rom:u_lyric_rom|altsyncram:rom_rtl_0 ;
+------------------------------------+---------------------------------------------------+----------------------------------+
; Parameter Name                     ; Value                                             ; Type                             ;
+------------------------------------+---------------------------------------------------+----------------------------------+
; BYTE_SIZE_BLOCK                    ; 8                                                 ; Untyped                          ;
; AUTO_CARRY_CHAINS                  ; ON                                                ; AUTO_CARRY                       ;
; IGNORE_CARRY_BUFFERS               ; OFF                                               ; IGNORE_CARRY                     ;
; AUTO_CASCADE_CHAINS                ; ON                                                ; AUTO_CASCADE                     ;
; IGNORE_CASCADE_BUFFERS             ; OFF                                               ; IGNORE_CASCADE                   ;
; WIDTH_BYTEENA                      ; 1                                                 ; Untyped                          ;
; OPERATION_MODE                     ; ROM                                               ; Untyped                          ;
; WIDTH_A                            ; 8                                                 ; Untyped                          ;
; WIDTHAD_A                          ; 11                                                ; Untyped                          ;
; NUMWORDS_A                         ; 1120                                              ; Untyped                          ;
; OUTDATA_REG_A                      ; UNREGISTERED                                      ; Untyped                          ;
; ADDRESS_ACLR_A                     ; NONE                                              ; Untyped                          ;
; OUTDATA_ACLR_A                     ; NONE                                              ; Untyped                          ;
; WRCONTROL_ACLR_A                   ; NONE                                              ; Untyped                          ;
; INDATA_ACLR_A                      ; NONE                                              ; Untyped                          ;
; BYTEENA_ACLR_A                     ; NONE                                              ; Untyped                          ;
; WIDTH_B                            ; 1                                                 ; Untyped                          ;
; WIDTHAD_B                          ; 1                                                 ; Untyped                          ;
; NUMWORDS_B                         ; 1                                                 ; Untyped                          ;
; INDATA_REG_B                       ; CLOCK1                                            ; Untyped                          ;
; WRCONTROL_WRADDRESS_REG_B          ; CLOCK1                                            ; Untyped                          ;
; RDCONTROL_REG_B                    ; CLOCK1                                            ; Untyped                          ;
; ADDRESS_REG_B                      ; CLOCK1                                            ; Untyped                          ;
; OUTDATA_REG_B                      ; UNREGISTERED                                      ; Untyped                          ;
; BYTEENA_REG_B                      ; CLOCK1                                            ; Untyped                          ;
; INDATA_ACLR_B                      ; NONE                                              ; Untyped                          ;
; WRCONTROL_ACLR_B                   ; NONE                                              ; Untyped                          ;
; ADDRESS_ACLR_B                     ; NONE                                              ; Untyped                          ;
; OUTDATA_ACLR_B                     ; NONE                                              ; Untyped                          ;
; RDCONTROL_ACLR_B                   ; NONE                                              ; Untyped                          ;
; BYTEENA_ACLR_B                     ; NONE                                              ; Untyped                          ;
; WIDTH_BYTEENA_A                    ; 1                                                 ; Untyped                          ;
; WIDTH_BYTEENA_B                    ; 1                                                 ; Untyped                          ;
; RAM_BLOCK_TYPE                     ; AUTO                                              ; Untyped                          ;
; BYTE_SIZE                          ; 8                                                 ; Untyped                          ;
; READ_DURING_WRITE_MODE_MIXED_PORTS ; DONT_CARE                                         ; Untyped                          ;
; READ_DURING_WRITE_MODE_PORT_A      ; NEW_DATA_NO_NBE_READ                              ; Untyped                          ;
; READ_DURING_WRITE_MODE_PORT_B      ; NEW_DATA_NO_NBE_READ                              ; Untyped                          ;
; INIT_FILE                          ; db/lyrics_vga_top.ram0_lyric_rom_d2dc245a.hdl.mif ; Untyped                          ;
; INIT_FILE_LAYOUT                   ; PORT_A                                            ; Untyped                          ;
; MAXIMUM_DEPTH                      ; 0                                                 ; Untyped                          ;
; CLOCK_ENABLE_INPUT_A               ; NORMAL                                            ; Untyped                          ;
; CLOCK_ENABLE_INPUT_B               ; NORMAL                                            ; Untyped                          ;
; CLOCK_ENABLE_OUTPUT_A              ; NORMAL                                            ; Untyped                          ;
; CLOCK_ENABLE_OUTPUT_B              ; NORMAL                                            ; Untyped                          ;
; CLOCK_ENABLE_CORE_A                ; USE_INPUT_CLKEN                                   ; Untyped                          ;
; CLOCK_ENABLE_CORE_B                ; USE_INPUT_CLKEN                                   ; Untyped                          ;
; ENABLE_ECC                         ; FALSE                                             ; Untyped                          ;
; ECC_PIPELINE_STAGE_ENABLED         ; FALSE                                             ; Untyped                          ;
; WIDTH_ECCSTATUS                    ; 3                                                 ; Untyped                          ;
; DEVICE_FAMILY                      ; Cyclone II                                        ; Untyped                          ;
; CBXI_PARAMETER                     ; altsyncram_js71                                   ; Untyped                          ;
+------------------------------------+---------------------------------------------------+----------------------------------+
Note: In order to hide this table in the UI and the text report file, please set the "Show Parameter Settings in Synthesis Report" option in "Analysis and Synthesis Settings -> More Settings" to "Off".


+----------------------------------------------------------------------------------------------------------------------+
; altsyncram Parameter Settings by Entity Instance                                                                     ;
+-------------------------------------------+--------------------------------------------------------------------------+
; Name                                      ; Value                                                                    ;
+-------------------------------------------+--------------------------------------------------------------------------+
; Number of entity instances                ; 2                                                                        ;
; Entity Instance                           ; text_renderer:u_text_renderer|font_rom:u_font_rom|altsyncram:rom_rtl_0   ;
;     -- OPERATION_MODE                     ; ROM                                                                      ;
;     -- WIDTH_A                            ; 8                                                                        ;
;     -- NUMWORDS_A                         ; 2048                                                                     ;
;     -- OUTDATA_REG_A                      ; UNREGISTERED                                                             ;
;     -- WIDTH_B                            ; 1                                                                        ;
;     -- NUMWORDS_B                         ; 1                                                                        ;
;     -- ADDRESS_REG_B                      ; CLOCK1                                                                   ;
;     -- OUTDATA_REG_B                      ; UNREGISTERED                                                             ;
;     -- RAM_BLOCK_TYPE                     ; AUTO                                                                     ;
;     -- READ_DURING_WRITE_MODE_MIXED_PORTS ; DONT_CARE                                                                ;
; Entity Instance                           ; text_renderer:u_text_renderer|lyric_rom:u_lyric_rom|altsyncram:rom_rtl_0 ;
;     -- OPERATION_MODE                     ; ROM                                                                      ;
;     -- WIDTH_A                            ; 8                                                                        ;
;     -- NUMWORDS_A                         ; 1120                                                                     ;
;     -- OUTDATA_REG_A                      ; UNREGISTERED                                                             ;
;     -- WIDTH_B                            ; 1                                                                        ;
;     -- NUMWORDS_B                         ; 1                                                                        ;
;     -- ADDRESS_REG_B                      ; CLOCK1                                                                   ;
;     -- OUTDATA_REG_B                      ; UNREGISTERED                                                             ;
;     -- RAM_BLOCK_TYPE                     ; AUTO                                                                     ;
;     -- READ_DURING_WRITE_MODE_MIXED_PORTS ; DONT_CARE                                                                ;
+-------------------------------------------+--------------------------------------------------------------------------+


+-----------------------------------------------------------------------------------------------------------------------+
; Port Connectivity Checks: "text_renderer:u_text_renderer|lyric_rom:u_lyric_rom"                                       ;
+-------------+--------+----------+-------------------------------------------------------------------------------------+
; Port        ; Type   ; Severity ; Details                                                                             ;
+-------------+--------+----------+-------------------------------------------------------------------------------------+
; char_out[7] ; Output ; Info     ; Connected to dangling logic. Logic that only feeds a dangling port will be removed. ;
+-------------+--------+----------+-------------------------------------------------------------------------------------+


+-------------------------------+
; Elapsed Time Per Partition    ;
+----------------+--------------+
; Partition Name ; Elapsed Time ;
+----------------+--------------+
; Top            ; 00:00:00     ;
+----------------+--------------+


+-------------------------------+
; Analysis & Synthesis Messages ;
+-------------------------------+
Info: *******************************************************************
Info: Running Quartus II 64-Bit Analysis & Synthesis
    Info: Version 13.0.1 Build 232 06/12/2013 Service Pack 1 SJ Web Edition
    Info: Processing started: Fri May 15 14:20:20 2026
Info: Command: quartus_map --read_settings_files=on --write_settings_files=off lyrics_vga_top -c lyrics_vga_top
Warning (20028): Parallel compilation is not licensed and has been disabled
Info (12021): Found 1 design units, including 1 entities, in source file vga_sync.v
    Info (12023): Found entity 1: vga_sync
Info (12021): Found 1 design units, including 1 entities, in source file tb_vga_sync.v
    Info (12023): Found entity 1: tb_vga_sync
Info (12021): Found 1 design units, including 1 entities, in source file font_rom.v
    Info (12023): Found entity 1: font_rom
Info (12021): Found 1 design units, including 1 entities, in source file lyric_rom.v
    Info (12023): Found entity 1: lyric_rom
Info (12021): Found 1 design units, including 1 entities, in source file text_renderer.v
    Info (12023): Found entity 1: text_renderer
Info (12021): Found 1 design units, including 1 entities, in source file lyric_controller.v
    Info (12023): Found entity 1: lyric_controller
Info (12021): Found 1 design units, including 1 entities, in source file lyrics_vga_top.v
    Info (12023): Found entity 1: lyrics_vga_top
Info (12127): Elaborating entity "lyrics_vga_top" for the top level hierarchy
Info (12128): Elaborating entity "vga_sync" for hierarchy "vga_sync:u_vga_sync"
Info (12128): Elaborating entity "lyric_controller" for hierarchy "lyric_controller:u_lyric_ctrl"
Warning (10230): Verilog HDL assignment warning at lyric_controller.v(101): truncated value with size 32 to match size of target (5)
Info (12128): Elaborating entity "text_renderer" for hierarchy "text_renderer:u_text_renderer"
Warning (10230): Verilog HDL assignment warning at text_renderer.v(82): truncated value with size 6 to match size of target (5)
Warning (10230): Verilog HDL assignment warning at text_renderer.v(99): truncated value with size 7 to match size of target (6)
Info (12128): Elaborating entity "lyric_rom" for hierarchy "text_renderer:u_text_renderer|lyric_rom:u_lyric_rom"
Warning (10030): Net "rom.data_a" at lyric_rom.v(36) has no driver or initial value, using a default initial value '0'
Warning (10030): Net "rom.waddr_a" at lyric_rom.v(36) has no driver or initial value, using a default initial value '0'
Warning (10030): Net "rom.we_a" at lyric_rom.v(36) has no driver or initial value, using a default initial value '0'
Info (12128): Elaborating entity "font_rom" for hierarchy "text_renderer:u_text_renderer|font_rom:u_font_rom"
Warning (10030): Net "rom.data_a" at font_rom.v(22) has no driver or initial value, using a default initial value '0'
Warning (10030): Net "rom.waddr_a" at font_rom.v(22) has no driver or initial value, using a default initial value '0'
Warning (10030): Net "rom.we_a" at font_rom.v(22) has no driver or initial value, using a default initial value '0'
Info (19000): Inferred 2 megafunctions from design logic
    Info (276029): Inferred altsyncram megafunction from the following design logic: "text_renderer:u_text_renderer|font_rom:u_font_rom|rom_rtl_0" 
        Info (286033): Parameter OPERATION_MODE set to ROM
        Info (286033): Parameter WIDTH_A set to 8
        Info (286033): Parameter WIDTHAD_A set to 11
        Info (286033): Parameter NUMWORDS_A set to 2048
        Info (286033): Parameter OUTDATA_REG_A set to UNREGISTERED
        Info (286033): Parameter ADDRESS_ACLR_A set to NONE
        Info (286033): Parameter OUTDATA_ACLR_A set to NONE
        Info (286033): Parameter INDATA_ACLR_A set to NONE
        Info (286033): Parameter WRCONTROL_ACLR_A set to NONE
        Info (286033): Parameter INIT_FILE set to db/lyrics_vga_top.ram0_font_rom_e26a0106.hdl.mif
    Info (276029): Inferred altsyncram megafunction from the following design logic: "text_renderer:u_text_renderer|lyric_rom:u_lyric_rom|rom_rtl_0" 
        Info (286033): Parameter OPERATION_MODE set to ROM
        Info (286033): Parameter WIDTH_A set to 8
        Info (286033): Parameter WIDTHAD_A set to 11
        Info (286033): Parameter NUMWORDS_A set to 1120
        Info (286033): Parameter OUTDATA_REG_A set to UNREGISTERED
        Info (286033): Parameter ADDRESS_ACLR_A set to NONE
        Info (286033): Parameter OUTDATA_ACLR_A set to NONE
        Info (286033): Parameter INDATA_ACLR_A set to NONE
        Info (286033): Parameter WRCONTROL_ACLR_A set to NONE
        Info (286033): Parameter INIT_FILE set to db/lyrics_vga_top.ram0_lyric_rom_d2dc245a.hdl.mif
Info (12130): Elaborated megafunction instantiation "text_renderer:u_text_renderer|font_rom:u_font_rom|altsyncram:rom_rtl_0"
Info (12133): Instantiated megafunction "text_renderer:u_text_renderer|font_rom:u_font_rom|altsyncram:rom_rtl_0" with the following parameter:
    Info (12134): Parameter "OPERATION_MODE" = "ROM"
    Info (12134): Parameter "WIDTH_A" = "8"
    Info (12134): Parameter "WIDTHAD_A" = "11"
    Info (12134): Parameter "NUMWORDS_A" = "2048"
    Info (12134): Parameter "OUTDATA_REG_A" = "UNREGISTERED"
    Info (12134): Parameter "ADDRESS_ACLR_A" = "NONE"
    Info (12134): Parameter "OUTDATA_ACLR_A" = "NONE"
    Info (12134): Parameter "INDATA_ACLR_A" = "NONE"
    Info (12134): Parameter "WRCONTROL_ACLR_A" = "NONE"
    Info (12134): Parameter "INIT_FILE" = "db/lyrics_vga_top.ram0_font_rom_e26a0106.hdl.mif"
Info (12021): Found 1 design units, including 1 entities, in source file db/altsyncram_dm71.tdf
    Info (12023): Found entity 1: altsyncram_dm71
Info (12130): Elaborated megafunction instantiation "text_renderer:u_text_renderer|lyric_rom:u_lyric_rom|altsyncram:rom_rtl_0"
Info (12133): Instantiated megafunction "text_renderer:u_text_renderer|lyric_rom:u_lyric_rom|altsyncram:rom_rtl_0" with the following parameter:
    Info (12134): Parameter "OPERATION_MODE" = "ROM"
    Info (12134): Parameter "WIDTH_A" = "8"
    Info (12134): Parameter "WIDTHAD_A" = "11"
    Info (12134): Parameter "NUMWORDS_A" = "1120"
    Info (12134): Parameter "OUTDATA_REG_A" = "UNREGISTERED"
    Info (12134): Parameter "ADDRESS_ACLR_A" = "NONE"
    Info (12134): Parameter "OUTDATA_ACLR_A" = "NONE"
    Info (12134): Parameter "INDATA_ACLR_A" = "NONE"
    Info (12134): Parameter "WRCONTROL_ACLR_A" = "NONE"
    Info (12134): Parameter "INIT_FILE" = "db/lyrics_vga_top.ram0_lyric_rom_d2dc245a.hdl.mif"
Info (12021): Found 1 design units, including 1 entities, in source file db/altsyncram_js71.tdf
    Info (12023): Found entity 1: altsyncram_js71
Warning (14284): Synthesized away the following node(s):
    Warning (14285): Synthesized away the following RAM node(s):
        Warning (14320): Synthesized away node "text_renderer:u_text_renderer|lyric_rom:u_lyric_rom|altsyncram:rom_rtl_0|altsyncram_js71:auto_generated|ram_block1a7"
Info (13000): Registers with preset signals will power-up high
Info (13003): DEV_CLRn pin will set, and not reset, register with preset signal due to NOT Gate Push-Back
Warning (13024): Output pins are stuck at VCC or GND
    Warning (13410): Pin "VGA_G[0]" is stuck at GND
    Warning (13410): Pin "VGA_B[0]" is stuck at GND
    Warning (13410): Pin "VGA_B[1]" is stuck at GND
    Warning (13410): Pin "VGA_B[2]" is stuck at GND
    Warning (13410): Pin "VGA_B[3]" is stuck at GND
    Warning (13410): Pin "VGA_SYNC_N" is stuck at GND
Info (16010): Generating hard_block partition "hard_block:auto_generated_inst"
    Info (16011): Adding 0 node(s), including 0 DDIO, 0 PLL, 0 transceiver and 0 LCELL
Info (21057): Implemented 193 device resources after synthesis - the final resource count might be different
    Info (21058): Implemented 5 input pins
    Info (21059): Implemented 17 output pins
    Info (21061): Implemented 156 logic cells
    Info (21064): Implemented 15 RAM segments
Info: Quartus II 64-Bit Analysis & Synthesis was successful. 0 errors, 20 warnings
    Info: Peak virtual memory: 4631 megabytes
    Info: Processing ended: Fri May 15 14:20:22 2026
    Info: Elapsed time: 00:00:02
    Info: Total CPU time (on all processors): 00:00:02


