Analysis & Synthesis report for karaoke_top
Wed May 20 16:13:39 2026
Quartus II 64-Bit Version 13.0.1 Build 232 06/12/2013 Service Pack 1 SJ Web Edition


---------------------
; Table of Contents ;
---------------------
  1. Legal Notice
  2. Analysis & Synthesis Summary
  3. Analysis & Synthesis Settings
  4. Parallel Compilation
  5. Analysis & Synthesis Source Files Read
  6. Analysis & Synthesis Resource Usage Summary
  7. Analysis & Synthesis Resource Utilization by Entity
  8. Analysis & Synthesis RAM Summary
  9. Analysis & Synthesis DSP Block Usage Summary
 10. State Machine - |karaoke_top|i2c_av_config:u_i2c_cfg|state
 11. Registers Removed During Synthesis
 12. General Register Statistics
 13. Inverted Register Statistics
 14. Registers Packed Into Inferred Megafunctions
 15. Multiplexer Restructuring Statistics (Restructuring Performed)
 16. Source assignments for text_renderer:u_text_renderer|font_rom:u_font_rom|altsyncram:rom_rtl_0|altsyncram_ob71:auto_generated
 17. Parameter Settings for Inferred Entity Instance: text_renderer:u_text_renderer|font_rom:u_font_rom|altsyncram:rom_rtl_0
 18. Parameter Settings for Inferred Entity Instance: audio_gain_apply:u_gain_apply|lpm_mult:Mult0
 19. Parameter Settings for Inferred Entity Instance: audio_gain_apply:u_gain_apply|lpm_mult:Mult1
 20. altsyncram Parameter Settings by Entity Instance
 21. lpm_mult Parameter Settings by Entity Instance
 22. Port Connectivity Checks: "hex7seg:u_hex1"
 23. Port Connectivity Checks: "text_renderer:u_text_renderer|lyric_rom:u_lyric_rom"
 24. Elapsed Time Per Partition
 25. Analysis & Synthesis Messages



----------------
; Legal Notice ;
----------------
Copyright (C) 1991-2013 Altera Corporation
Your use of Altera Corporation's design tools, logic functions 
and other software and tools, and its AMPP partner logic 
functions, and any output files from any of the foregoing 
(including device programming or simulation files), and any 
associated documentation or information are expressly subject 
to the terms and conditions of the Altera Program License 
Subscription Agreement, Altera MegaCore Function License 
Agreement, or other applicable license agreement, including, 
without limitation, that your use is for the sole purpose of 
programming logic devices manufactured by Altera and sold by 
Altera or its authorized distributors.  Please refer to the 
applicable agreement for further details.



+--------------------------------------------------------------------------------------+
; Analysis & Synthesis Summary                                                         ;
+------------------------------------+-------------------------------------------------+
; Analysis & Synthesis Status        ; Successful - Wed May 20 16:13:39 2026           ;
; Quartus II 64-Bit Version          ; 13.0.1 Build 232 06/12/2013 SP 1 SJ Web Edition ;
; Revision Name                      ; karaoke_top                                     ;
; Top-level Entity Name              ; karaoke_top                                     ;
; Family                             ; Cyclone II                                      ;
; Total logic elements               ; 1,119                                           ;
;     Total combinational functions  ; 1,047                                           ;
;     Dedicated logic registers      ; 316                                             ;
; Total registers                    ; 316                                             ;
; Total pins                         ; 150                                             ;
; Total virtual pins                 ; 0                                               ;
; Total memory bits                  ; 16,384                                          ;
; Embedded Multiplier 9-bit elements ; 4                                               ;
; Total PLLs                         ; 0                                               ;
+------------------------------------+-------------------------------------------------+


+----------------------------------------------------------------------------------------------------------------------+
; Analysis & Synthesis Settings                                                                                        ;
+----------------------------------------------------------------------------+--------------------+--------------------+
; Option                                                                     ; Setting            ; Default Value      ;
+----------------------------------------------------------------------------+--------------------+--------------------+
; Device                                                                     ; EP2C35F672C6       ;                    ;
; Top-level entity name                                                      ; karaoke_top        ; karaoke_top        ;
; Family name                                                                ; Cyclone II         ; Cyclone IV GX      ;
; Use smart compilation                                                      ; Off                ; Off                ;
; Enable parallel Assembler and TimeQuest Timing Analyzer during compilation ; On                 ; On                 ;
; Enable compact report table                                                ; Off                ; Off                ;
; Restructure Multiplexers                                                   ; Auto               ; Auto               ;
; Create Debugging Nodes for IP Cores                                        ; Off                ; Off                ;
; Preserve fewer node names                                                  ; On                 ; On                 ;
; Disable OpenCore Plus hardware evaluation                                  ; Off                ; Off                ;
; Verilog Version                                                            ; Verilog_2001       ; Verilog_2001       ;
; VHDL Version                                                               ; VHDL_1993          ; VHDL_1993          ;
; State Machine Processing                                                   ; Auto               ; Auto               ;
; Safe State Machine                                                         ; Off                ; Off                ;
; Extract Verilog State Machines                                             ; On                 ; On                 ;
; Extract VHDL State Machines                                                ; On                 ; On                 ;
; Ignore Verilog initial constructs                                          ; Off                ; Off                ;
; Iteration limit for constant Verilog loops                                 ; 5000               ; 5000               ;
; Iteration limit for non-constant Verilog loops                             ; 250                ; 250                ;
; Add Pass-Through Logic to Inferred RAMs                                    ; On                 ; On                 ;
; Infer RAMs from Raw Logic                                                  ; On                 ; On                 ;
; Parallel Synthesis                                                         ; On                 ; On                 ;
; DSP Block Balancing                                                        ; Auto               ; Auto               ;
; NOT Gate Push-Back                                                         ; On                 ; On                 ;
; Power-Up Don't Care                                                        ; On                 ; On                 ;
; Remove Redundant Logic Cells                                               ; Off                ; Off                ;
; Remove Duplicate Registers                                                 ; On                 ; On                 ;
; Ignore CARRY Buffers                                                       ; Off                ; Off                ;
; Ignore CASCADE Buffers                                                     ; Off                ; Off                ;
; Ignore GLOBAL Buffers                                                      ; Off                ; Off                ;
; Ignore ROW GLOBAL Buffers                                                  ; Off                ; Off                ;
; Ignore LCELL Buffers                                                       ; Off                ; Off                ;
; Ignore SOFT Buffers                                                        ; On                 ; On                 ;
; Limit AHDL Integers to 32 Bits                                             ; Off                ; Off                ;
; Optimization Technique                                                     ; Balanced           ; Balanced           ;
; Carry Chain Length                                                         ; 70                 ; 70                 ;
; Auto Carry Chains                                                          ; On                 ; On                 ;
; Auto Open-Drain Pins                                                       ; On                 ; On                 ;
; Perform WYSIWYG Primitive Resynthesis                                      ; Off                ; Off                ;
; Auto ROM Replacement                                                       ; On                 ; On                 ;
; Auto RAM Replacement                                                       ; On                 ; On                 ;
; Auto Shift Register Replacement                                            ; Auto               ; Auto               ;
; Allow Shift Register Merging across Hierarchies                            ; Auto               ; Auto               ;
; Auto Clock Enable Replacement                                              ; On                 ; On                 ;
; Strict RAM Replacement                                                     ; Off                ; Off                ;
; Allow Synchronous Control Signals                                          ; On                 ; On                 ;
; Force Use of Synchronous Clear Signals                                     ; Off                ; Off                ;
; Auto RAM to Logic Cell Conversion                                          ; Off                ; Off                ;
; Auto Resource Sharing                                                      ; Off                ; Off                ;
; Allow Any RAM Size For Recognition                                         ; Off                ; Off                ;
; Allow Any ROM Size For Recognition                                         ; Off                ; Off                ;
; Allow Any Shift Register Size For Recognition                              ; Off                ; Off                ;
; Use LogicLock Constraints during Resource Balancing                        ; On                 ; On                 ;
; Ignore translate_off and synthesis_off directives                          ; Off                ; Off                ;
; Timing-Driven Synthesis                                                    ; Off                ; Off                ;
; Report Parameter Settings                                                  ; On                 ; On                 ;
; Report Source Assignments                                                  ; On                 ; On                 ;
; Report Connectivity Checks                                                 ; On                 ; On                 ;
; Ignore Maximum Fan-Out Assignments                                         ; Off                ; Off                ;
; Synchronization Register Chain Length                                      ; 2                  ; 2                  ;
; PowerPlay Power Optimization                                               ; Normal compilation ; Normal compilation ;
; HDL message level                                                          ; Level2             ; Level2             ;
; Suppress Register Optimization Related Messages                            ; Off                ; Off                ;
; Number of Removed Registers Reported in Synthesis Report                   ; 5000               ; 5000               ;
; Number of Swept Nodes Reported in Synthesis Report                         ; 5000               ; 5000               ;
; Number of Inverted Registers Reported in Synthesis Report                  ; 100                ; 100                ;
; Clock MUX Protection                                                       ; On                 ; On                 ;
; Auto Gated Clock Conversion                                                ; Off                ; Off                ;
; Block Design Naming                                                        ; Auto               ; Auto               ;
; SDC constraint protection                                                  ; Off                ; Off                ;
; Synthesis Effort                                                           ; Auto               ; Auto               ;
; Shift Register Replacement - Allow Asynchronous Clear Signal               ; On                 ; On                 ;
; Pre-Mapping Resynthesis Optimization                                       ; Off                ; Off                ;
; Analysis & Synthesis Message Level                                         ; Medium             ; Medium             ;
; Disable Register Merging Across Hierarchies                                ; Auto               ; Auto               ;
; Resource Aware Inference For Block RAM                                     ; On                 ; On                 ;
; Synthesis Seed                                                             ; 1                  ; 1                  ;
+----------------------------------------------------------------------------+--------------------+--------------------+


Parallel compilation was disabled, but you have multiple processors available. Enable parallel compilation to reduce compilation time.
+-------------------------------------+
; Parallel Compilation                ;
+----------------------------+--------+
; Processors                 ; Number ;
+----------------------------+--------+
; Number detected on machine ; 8      ;
; Maximum allowed            ; 1      ;
+----------------------------+--------+


+-------------------------------------------------------------------------------------------------------------------------------------------------------------------------------------------------------------------------------------------------------------------+
; Analysis & Synthesis Source Files Read                                                                                                                                                                                                                            ;
+-----------------------------------------------+-----------------+-------------------------------------------------------+-------------------------------------------------------------------------------------------------------------------------------+---------+
; File Name with User-Entered Path              ; Used in Netlist ; File Type                                             ; File Name with Absolute Path                                                                                                  ; Library ;
+-----------------------------------------------+-----------------+-------------------------------------------------------+-------------------------------------------------------------------------------------------------------------------------------+---------+
; karaoke_top.v                                 ; yes             ; User Verilog HDL File                                 ; C:/Users/itsch/OneDrive/Documents/CE213/doan/CE213-finalproject/module_version1/karaoke_top.v                                 ;         ;
; volume_decoder.v                              ; yes             ; User Verilog HDL File                                 ; C:/Users/itsch/OneDrive/Documents/CE213/doan/CE213-finalproject/module_version1/volume_decoder.v                              ;         ;
; audio_gain_apply.v                            ; yes             ; User Verilog HDL File                                 ; C:/Users/itsch/OneDrive/Documents/CE213/doan/CE213-finalproject/module_version1/audio_gain_apply.v                            ;         ;
; audio_pll.v                                   ; yes             ; User Verilog HDL File                                 ; C:/Users/itsch/OneDrive/Documents/CE213/doan/CE213-finalproject/module_version1/audio_pll.v                                   ;         ;
; i2c_av_config.v                               ; yes             ; User Verilog HDL File                                 ; C:/Users/itsch/OneDrive/Documents/CE213/doan/CE213-finalproject/module_version1/i2c_av_config.v                               ;         ;
; i2s_receiver.v                                ; yes             ; User Verilog HDL File                                 ; C:/Users/itsch/OneDrive/Documents/CE213/doan/CE213-finalproject/module_version1/i2s_receiver.v                                ;         ;
; i2s_transmitter.v                             ; yes             ; User Verilog HDL File                                 ; C:/Users/itsch/OneDrive/Documents/CE213/doan/CE213-finalproject/module_version1/i2s_transmitter.v                             ;         ;
; vga_sync.v                                    ; yes             ; User Verilog HDL File                                 ; C:/Users/itsch/OneDrive/Documents/CE213/doan/CE213-finalproject/module_version1/vga_sync.v                                    ;         ;
; lyric_controller.v                            ; yes             ; User Verilog HDL File                                 ; C:/Users/itsch/OneDrive/Documents/CE213/doan/CE213-finalproject/module_version1/lyric_controller.v                            ;         ;
; lyric_rom.v                                   ; yes             ; User Verilog HDL File                                 ; C:/Users/itsch/OneDrive/Documents/CE213/doan/CE213-finalproject/module_version1/lyric_rom.v                                   ;         ;
; font_rom.v                                    ; yes             ; User Verilog HDL File                                 ; C:/Users/itsch/OneDrive/Documents/CE213/doan/CE213-finalproject/module_version1/font_rom.v                                    ;         ;
; text_renderer.v                               ; yes             ; User Verilog HDL File                                 ; C:/Users/itsch/OneDrive/Documents/CE213/doan/CE213-finalproject/module_version1/text_renderer.v                               ;         ;
; hex7seg.v                                     ; yes             ; User Verilog HDL File                                 ; C:/Users/itsch/OneDrive/Documents/CE213/doan/CE213-finalproject/module_version1/hex7seg.v                                     ;         ;
; altsyncram.tdf                                ; yes             ; Megafunction                                          ; c:/altera/13.0sp1/quartus/libraries/megafunctions/altsyncram.tdf                                                              ;         ;
; stratix_ram_block.inc                         ; yes             ; Megafunction                                          ; c:/altera/13.0sp1/quartus/libraries/megafunctions/stratix_ram_block.inc                                                       ;         ;
; lpm_mux.inc                                   ; yes             ; Megafunction                                          ; c:/altera/13.0sp1/quartus/libraries/megafunctions/lpm_mux.inc                                                                 ;         ;
; lpm_decode.inc                                ; yes             ; Megafunction                                          ; c:/altera/13.0sp1/quartus/libraries/megafunctions/lpm_decode.inc                                                              ;         ;
; aglobal130.inc                                ; yes             ; Megafunction                                          ; c:/altera/13.0sp1/quartus/libraries/megafunctions/aglobal130.inc                                                              ;         ;
; a_rdenreg.inc                                 ; yes             ; Megafunction                                          ; c:/altera/13.0sp1/quartus/libraries/megafunctions/a_rdenreg.inc                                                               ;         ;
; altrom.inc                                    ; yes             ; Megafunction                                          ; c:/altera/13.0sp1/quartus/libraries/megafunctions/altrom.inc                                                                  ;         ;
; altram.inc                                    ; yes             ; Megafunction                                          ; c:/altera/13.0sp1/quartus/libraries/megafunctions/altram.inc                                                                  ;         ;
; altdpram.inc                                  ; yes             ; Megafunction                                          ; c:/altera/13.0sp1/quartus/libraries/megafunctions/altdpram.inc                                                                ;         ;
; db/altsyncram_ob71.tdf                        ; yes             ; Auto-Generated Megafunction                           ; C:/Users/itsch/OneDrive/Documents/CE213/doan/CE213-finalproject/module_version1/db/altsyncram_ob71.tdf                        ;         ;
; db/karaoke_top.ram0_font_rom_e26a0106.hdl.mif ; yes             ; Auto-Generated Auto-Found Memory Initialization File  ; C:/Users/itsch/OneDrive/Documents/CE213/doan/CE213-finalproject/module_version1/db/karaoke_top.ram0_font_rom_e26a0106.hdl.mif ;         ;
; lpm_mult.tdf                                  ; yes             ; Megafunction                                          ; c:/altera/13.0sp1/quartus/libraries/megafunctions/lpm_mult.tdf                                                                ;         ;
; lpm_add_sub.inc                               ; yes             ; Megafunction                                          ; c:/altera/13.0sp1/quartus/libraries/megafunctions/lpm_add_sub.inc                                                             ;         ;
; multcore.inc                                  ; yes             ; Megafunction                                          ; c:/altera/13.0sp1/quartus/libraries/megafunctions/multcore.inc                                                                ;         ;
; bypassff.inc                                  ; yes             ; Megafunction                                          ; c:/altera/13.0sp1/quartus/libraries/megafunctions/bypassff.inc                                                                ;         ;
; altshift.inc                                  ; yes             ; Megafunction                                          ; c:/altera/13.0sp1/quartus/libraries/megafunctions/altshift.inc                                                                ;         ;
; db/mult_10t.tdf                               ; yes             ; Auto-Generated Megafunction                           ; C:/Users/itsch/OneDrive/Documents/CE213/doan/CE213-finalproject/module_version1/db/mult_10t.tdf                               ;         ;
+-----------------------------------------------+-----------------+-------------------------------------------------------+-------------------------------------------------------------------------------------------------------------------------------+---------+


+--------------------------------------------------------+
; Analysis & Synthesis Resource Usage Summary            ;
+---------------------------------------------+----------+
; Resource                                    ; Usage    ;
+---------------------------------------------+----------+
; Estimated Total logic elements              ; 1,119    ;
;                                             ;          ;
; Total combinational functions               ; 1047     ;
; Logic element usage by number of LUT inputs ;          ;
;     -- 4 input functions                    ; 715      ;
;     -- 3 input functions                    ; 128      ;
;     -- <=2 input functions                  ; 204      ;
;                                             ;          ;
; Logic elements by mode                      ;          ;
;     -- normal mode                          ; 893      ;
;     -- arithmetic mode                      ; 154      ;
;                                             ;          ;
; Total registers                             ; 316      ;
;     -- Dedicated logic registers            ; 316      ;
;     -- I/O registers                        ; 0        ;
;                                             ;          ;
; I/O pins                                    ; 150      ;
; Total memory bits                           ; 16384    ;
; Embedded Multiplier 9-bit elements          ; 4        ;
; Maximum fan-out node                        ; CLOCK_50 ;
; Maximum fan-out                             ; 284      ;
; Total fan-out                               ; 4980     ;
; Average fan-out                             ; 3.27     ;
+---------------------------------------------+----------+


+----------------------------------------------------------------------------------------------------------------------------------------------------------------------------------------------------------------------------------------------------------------------------------------------+
; Analysis & Synthesis Resource Utilization by Entity                                                                                                                                                                                                                                          ;
+----------------------------------------------+-------------------+--------------+-------------+--------------+---------+-----------+------+--------------+--------------------------------------------------------------------------------------------------------------------+--------------+
; Compilation Hierarchy Node                   ; LC Combinationals ; LC Registers ; Memory Bits ; DSP Elements ; DSP 9x9 ; DSP 18x18 ; Pins ; Virtual Pins ; Full Hierarchy Name                                                                                                ; Library Name ;
+----------------------------------------------+-------------------+--------------+-------------+--------------+---------+-----------+------+--------------+--------------------------------------------------------------------------------------------------------------------+--------------+
; |karaoke_top                                 ; 1047 (62)         ; 316 (60)     ; 16384       ; 4            ; 0       ; 2         ; 150  ; 0            ; |karaoke_top                                                                                                       ; work         ;
;    |audio_gain_apply:u_gain_apply|           ; 5 (5)             ; 0 (0)        ; 0           ; 4            ; 0       ; 2         ; 0    ; 0            ; |karaoke_top|audio_gain_apply:u_gain_apply                                                                         ; work         ;
;       |lpm_mult:Mult0|                       ; 0 (0)             ; 0 (0)        ; 0           ; 2            ; 0       ; 1         ; 0    ; 0            ; |karaoke_top|audio_gain_apply:u_gain_apply|lpm_mult:Mult0                                                          ; work         ;
;          |mult_10t:auto_generated|           ; 0 (0)             ; 0 (0)        ; 0           ; 2            ; 0       ; 1         ; 0    ; 0            ; |karaoke_top|audio_gain_apply:u_gain_apply|lpm_mult:Mult0|mult_10t:auto_generated                                  ; work         ;
;       |lpm_mult:Mult1|                       ; 0 (0)             ; 0 (0)        ; 0           ; 2            ; 0       ; 1         ; 0    ; 0            ; |karaoke_top|audio_gain_apply:u_gain_apply|lpm_mult:Mult1                                                          ; work         ;
;          |mult_10t:auto_generated|           ; 0 (0)             ; 0 (0)        ; 0           ; 2            ; 0       ; 1         ; 0    ; 0            ; |karaoke_top|audio_gain_apply:u_gain_apply|lpm_mult:Mult1|mult_10t:auto_generated                                  ; work         ;
;    |audio_pll:u_audio_pll|                   ; 13 (13)           ; 11 (11)      ; 0           ; 0            ; 0       ; 0         ; 0    ; 0            ; |karaoke_top|audio_pll:u_audio_pll                                                                                 ; work         ;
;    |hex7seg:u_hex0|                          ; 9 (9)             ; 0 (0)        ; 0           ; 0            ; 0       ; 0         ; 0    ; 0            ; |karaoke_top|hex7seg:u_hex0                                                                                        ; work         ;
;    |i2c_av_config:u_i2c_cfg|                 ; 115 (115)         ; 61 (61)      ; 0           ; 0            ; 0       ; 0         ; 0    ; 0            ; |karaoke_top|i2c_av_config:u_i2c_cfg                                                                               ; work         ;
;    |i2s_receiver:u_i2s_rx|                   ; 33 (33)           ; 73 (73)      ; 0           ; 0            ; 0       ; 0         ; 0    ; 0            ; |karaoke_top|i2s_receiver:u_i2s_rx                                                                                 ; work         ;
;    |i2s_transmitter:u_i2s_tx|                ; 75 (75)           ; 28 (28)      ; 0           ; 0            ; 0       ; 0         ; 0    ; 0            ; |karaoke_top|i2s_transmitter:u_i2s_tx                                                                              ; work         ;
;    |lyric_controller:u_lyric_controller|     ; 62 (62)           ; 35 (35)      ; 0           ; 0            ; 0       ; 0         ; 0    ; 0            ; |karaoke_top|lyric_controller:u_lyric_controller                                                                   ; work         ;
;    |text_renderer:u_text_renderer|           ; 614 (7)           ; 28 (21)      ; 16384       ; 0            ; 0       ; 0         ; 0    ; 0            ; |karaoke_top|text_renderer:u_text_renderer                                                                         ; work         ;
;       |font_rom:u_font_rom|                  ; 0 (0)             ; 0 (0)        ; 16384       ; 0            ; 0       ; 0         ; 0    ; 0            ; |karaoke_top|text_renderer:u_text_renderer|font_rom:u_font_rom                                                     ; work         ;
;          |altsyncram:rom_rtl_0|              ; 0 (0)             ; 0 (0)        ; 16384       ; 0            ; 0       ; 0         ; 0    ; 0            ; |karaoke_top|text_renderer:u_text_renderer|font_rom:u_font_rom|altsyncram:rom_rtl_0                                ; work         ;
;             |altsyncram_ob71:auto_generated| ; 0 (0)             ; 0 (0)        ; 16384       ; 0            ; 0       ; 0         ; 0    ; 0            ; |karaoke_top|text_renderer:u_text_renderer|font_rom:u_font_rom|altsyncram:rom_rtl_0|altsyncram_ob71:auto_generated ; work         ;
;       |lyric_rom:u_lyric_rom|                ; 607 (607)         ; 7 (7)        ; 0           ; 0            ; 0       ; 0         ; 0    ; 0            ; |karaoke_top|text_renderer:u_text_renderer|lyric_rom:u_lyric_rom                                                   ; work         ;
;    |vga_sync:u_vga_sync|                     ; 54 (54)           ; 20 (20)      ; 0           ; 0            ; 0       ; 0         ; 0    ; 0            ; |karaoke_top|vga_sync:u_vga_sync                                                                                   ; work         ;
;    |volume_decoder:u_volume_decoder|         ; 5 (5)             ; 0 (0)        ; 0           ; 0            ; 0       ; 0         ; 0    ; 0            ; |karaoke_top|volume_decoder:u_volume_decoder                                                                       ; work         ;
+----------------------------------------------+-------------------+--------------+-------------+--------------+---------+-----------+------+--------------+--------------------------------------------------------------------------------------------------------------------+--------------+
Note: For table entries with two numbers listed, the numbers in parentheses indicate the number of resources of the given type used by the specific entity alone. The numbers listed outside of parentheses indicate the total resources of the given type used by the specific entity and all of its sub-entities in the hierarchy.


+----------------------------------------------------------------------------------------------------------------------------------------------------------------------------------------------------------------------------------------------------+
; Analysis & Synthesis RAM Summary                                                                                                                                                                                                                   ;
+------------------------------------------------------------------------------------------------------------------+------+------+--------------+--------------+--------------+--------------+-------+-----------------------------------------------+
; Name                                                                                                             ; Type ; Mode ; Port A Depth ; Port A Width ; Port B Depth ; Port B Width ; Size  ; MIF                                           ;
+------------------------------------------------------------------------------------------------------------------+------+------+--------------+--------------+--------------+--------------+-------+-----------------------------------------------+
; text_renderer:u_text_renderer|font_rom:u_font_rom|altsyncram:rom_rtl_0|altsyncram_ob71:auto_generated|ALTSYNCRAM ; AUTO ; ROM  ; 2048         ; 8            ; --           ; --           ; 16384 ; db/karaoke_top.ram0_font_rom_e26a0106.hdl.mif ;
+------------------------------------------------------------------------------------------------------------------+------+------+--------------+--------------+--------------+--------------+-------+-----------------------------------------------+


+-----------------------------------------------------+
; Analysis & Synthesis DSP Block Usage Summary        ;
+---------------------------------------+-------------+
; Statistic                             ; Number Used ;
+---------------------------------------+-------------+
; Simple Multipliers (9-bit)            ; 0           ;
; Simple Multipliers (18-bit)           ; 2           ;
; Embedded Multiplier Blocks            ; --          ;
; Embedded Multiplier 9-bit elements    ; 4           ;
; Signed Embedded Multipliers           ; 2           ;
; Unsigned Embedded Multipliers         ; 0           ;
; Mixed Sign Embedded Multipliers       ; 0           ;
; Variable Sign Embedded Multipliers    ; 0           ;
; Dedicated Input Shift Register Chains ; 0           ;
+---------------------------------------+-------------+
Note: number of Embedded Multiplier Blocks used is only available after a successful fit.


Encoding Type:  One-Hot
+------------------------------------------------------------------------------------------------------------------------------------------------------------+
; State Machine - |karaoke_top|i2c_av_config:u_i2c_cfg|state                                                                                                 ;
+----------------+--------------+---------------+---------------+-------------+--------------+----------------+----------------+--------------+--------------+
; Name           ; state.S_NEXT ; state.S_STOP2 ; state.S_STOP1 ; state.S_ACK ; state.S_SEND ; state.S_START2 ; state.S_START1 ; state.S_IDLE ; state.S_DONE ;
+----------------+--------------+---------------+---------------+-------------+--------------+----------------+----------------+--------------+--------------+
; state.S_IDLE   ; 0            ; 0             ; 0             ; 0           ; 0            ; 0              ; 0              ; 0            ; 0            ;
; state.S_START1 ; 0            ; 0             ; 0             ; 0           ; 0            ; 0              ; 1              ; 1            ; 0            ;
; state.S_START2 ; 0            ; 0             ; 0             ; 0           ; 0            ; 1              ; 0              ; 1            ; 0            ;
; state.S_SEND   ; 0            ; 0             ; 0             ; 0           ; 1            ; 0              ; 0              ; 1            ; 0            ;
; state.S_ACK    ; 0            ; 0             ; 0             ; 1           ; 0            ; 0              ; 0              ; 1            ; 0            ;
; state.S_STOP1  ; 0            ; 0             ; 1             ; 0           ; 0            ; 0              ; 0              ; 1            ; 0            ;
; state.S_STOP2  ; 0            ; 1             ; 0             ; 0           ; 0            ; 0              ; 0              ; 1            ; 0            ;
; state.S_NEXT   ; 1            ; 0             ; 0             ; 0           ; 0            ; 0              ; 0              ; 1            ; 0            ;
; state.S_DONE   ; 0            ; 0             ; 0             ; 0           ; 0            ; 0              ; 0              ; 1            ; 1            ;
+----------------+--------------+---------------+---------------+-------------+--------------+----------------+----------------+--------------+--------------+


+------------------------------------------------------------------------------------------+
; Registers Removed During Synthesis                                                       ;
+-------------------------------------------+----------------------------------------------+
; Register name                             ; Reason for Removal                           ;
+-------------------------------------------+----------------------------------------------+
; text_renderer:u_text_renderer|vga_b[0]    ; Stuck at GND due to stuck port data_in       ;
; text_renderer:u_text_renderer|vga_g[0]    ; Stuck at GND due to stuck port data_in       ;
; text_renderer:u_text_renderer|vga_b[1..3] ; Stuck at GND due to stuck port data_in       ;
; i2s_receiver:u_i2s_rx|bclk_r1             ; Merged with i2s_transmitter:u_i2s_tx|bclk_r1 ;
; i2s_receiver:u_i2s_rx|bclk_r2             ; Merged with i2s_transmitter:u_i2s_tx|bclk_r2 ;
; audio_pll:u_audio_pll|div_cnt[0]          ; Merged with vga_sync:u_vga_sync|pixel_q      ;
; i2c_av_config:u_i2c_cfg|state~13          ; Lost fanout                                  ;
; i2c_av_config:u_i2c_cfg|state~14          ; Lost fanout                                  ;
; i2c_av_config:u_i2c_cfg|state~15          ; Lost fanout                                  ;
; vga_sync:u_vga_sync|h_count[0]            ; Merged with audio_pll:u_audio_pll|div_cnt[1] ;
; bclk_cnt[24,25]                           ; Lost fanout                                  ;
; lrck_cnt[16..25]                          ; Lost fanout                                  ;
; valid_cnt[16..23]                         ; Lost fanout                                  ;
; Total Number of Removed Registers = 32    ;                                              ;
+-------------------------------------------+----------------------------------------------+


+------------------------------------------------------+
; General Register Statistics                          ;
+----------------------------------------------+-------+
; Statistic                                    ; Value ;
+----------------------------------------------+-------+
; Total registers                              ; 316   ;
; Number of registers using Synchronous Clear  ; 28    ;
; Number of registers using Synchronous Load   ; 17    ;
; Number of registers using Asynchronous Clear ; 309   ;
; Number of registers using Asynchronous Load  ; 0     ;
; Number of registers using Clock Enable       ; 176   ;
; Number of registers using Preset             ; 0     ;
+----------------------------------------------+-------+


+-------------------------------------------------------------+
; Inverted Register Statistics                                ;
+---------------------------------------------------+---------+
; Inverted Register                                 ; Fan out ;
+---------------------------------------------------+---------+
; i2c_av_config:u_i2c_cfg|I2C_SCLK                  ; 2       ;
; key2_sync_d                                       ; 1       ;
; key2_sync                                         ; 2       ;
; lyric_controller:u_lyric_controller|key_prev_prev ; 2       ;
; lyric_controller:u_lyric_controller|key_next_prev ; 2       ;
; key2_meta                                         ; 1       ;
; i2c_av_config:u_i2c_cfg|bit_idx[2]                ; 4       ;
; i2c_av_config:u_i2c_cfg|bit_idx[1]                ; 4       ;
; i2c_av_config:u_i2c_cfg|bit_idx[0]                ; 5       ;
; i2c_av_config:u_i2c_cfg|sda_out                   ; 2       ;
; i2c_av_config:u_i2c_cfg|sda_oe                    ; 4       ;
; Total number of inverted registers = 11           ;         ;
+---------------------------------------------------+---------+


+-----------------------------------------------------------------------------------------------------------------------------------+
; Registers Packed Into Inferred Megafunctions                                                                                      ;
+--------------------------------------------------------------+-------------------------------------------------------------+------+
; Register Name                                                ; Megafunction                                                ; Type ;
+--------------------------------------------------------------+-------------------------------------------------------------+------+
; text_renderer:u_text_renderer|font_rom:u_font_rom|data[0..7] ; text_renderer:u_text_renderer|font_rom:u_font_rom|rom_rtl_0 ; RAM  ;
+--------------------------------------------------------------+-------------------------------------------------------------+------+


+----------------------------------------------------------------------------------------------------------------------------------------------------------------------------+
; Multiplexer Restructuring Statistics (Restructuring Performed)                                                                                                             ;
+--------------------+-----------+---------------+----------------------+------------------------+------------+--------------------------------------------------------------+
; Multiplexer Inputs ; Bus Width ; Baseline Area ; Area if Restructured ; Saving if Restructured ; Registered ; Example Multiplexer Output                                   ;
+--------------------+-----------+---------------+----------------------+------------------------+------------+--------------------------------------------------------------+
; 3:1                ; 28 bits   ; 56 LEs        ; 28 LEs               ; 28 LEs                 ; Yes        ; |karaoke_top|lyric_controller:u_lyric_controller|auto_cnt[4] ;
; 4:1                ; 21 bits   ; 42 LEs        ; 21 LEs               ; 21 LEs                 ; Yes        ; |karaoke_top|i2s_receiver:u_i2s_rx|shift_reg[2]              ;
; 5:1                ; 5 bits    ; 15 LEs        ; 10 LEs               ; 5 LEs                  ; Yes        ; |karaoke_top|lyric_controller:u_lyric_controller|line_reg[0] ;
; 8:1                ; 7 bits    ; 35 LEs        ; 14 LEs               ; 21 LEs                 ; Yes        ; |karaoke_top|i2c_av_config:u_i2c_cfg|tx_byte[7]              ;
; 12:1               ; 15 bits   ; 120 LEs       ; 90 LEs               ; 30 LEs                 ; Yes        ; |karaoke_top|i2s_transmitter:u_i2s_tx|tx_shift[14]           ;
; 8:1                ; 3 bits    ; 15 LEs        ; 3 LEs                ; 12 LEs                 ; Yes        ; |karaoke_top|i2c_av_config:u_i2c_cfg|bit_idx[2]              ;
; 3:1                ; 2 bits    ; 4 LEs         ; 2 LEs                ; 2 LEs                  ; No         ; |karaoke_top|i2c_av_config:u_i2c_cfg|byte_idx                ;
; 4:1                ; 4 bits    ; 8 LEs         ; 4 LEs                ; 4 LEs                  ; No         ; |karaoke_top|i2s_transmitter:u_i2s_tx|bit_cnt                ;
; 10:1               ; 2 bits    ; 12 LEs        ; 6 LEs                ; 6 LEs                  ; No         ; |karaoke_top|i2c_av_config:u_i2c_cfg|state                   ;
; 11:1               ; 2 bits    ; 14 LEs        ; 4 LEs                ; 10 LEs                 ; No         ; |karaoke_top|i2c_av_config:u_i2c_cfg|state                   ;
+--------------------+-----------+---------------+----------------------+------------------------+------------+--------------------------------------------------------------+


+------------------------------------------------------------------------------------------------------------------------------+
; Source assignments for text_renderer:u_text_renderer|font_rom:u_font_rom|altsyncram:rom_rtl_0|altsyncram_ob71:auto_generated ;
+---------------------------------+--------------------+------+----------------------------------------------------------------+
; Assignment                      ; Value              ; From ; To                                                             ;
+---------------------------------+--------------------+------+----------------------------------------------------------------+
; OPTIMIZE_POWER_DURING_SYNTHESIS ; NORMAL_COMPILATION ; -    ; -                                                              ;
+---------------------------------+--------------------+------+----------------------------------------------------------------+


+-------------------------------------------------------------------------------------------------------------------------+
; Parameter Settings for Inferred Entity Instance: text_renderer:u_text_renderer|font_rom:u_font_rom|altsyncram:rom_rtl_0 ;
+------------------------------------+-----------------------------------------------+------------------------------------+
; Parameter Name                     ; Value                                         ; Type                               ;
+------------------------------------+-----------------------------------------------+------------------------------------+
; BYTE_SIZE_BLOCK                    ; 8                                             ; Untyped                            ;
; AUTO_CARRY_CHAINS                  ; ON                                            ; AUTO_CARRY                         ;
; IGNORE_CARRY_BUFFERS               ; OFF                                           ; IGNORE_CARRY                       ;
; AUTO_CASCADE_CHAINS                ; ON                                            ; AUTO_CASCADE                       ;
; IGNORE_CASCADE_BUFFERS             ; OFF                                           ; IGNORE_CASCADE                     ;
; WIDTH_BYTEENA                      ; 1                                             ; Untyped                            ;
; OPERATION_MODE                     ; ROM                                           ; Untyped                            ;
; WIDTH_A                            ; 8                                             ; Untyped                            ;
; WIDTHAD_A                          ; 11                                            ; Untyped                            ;
; NUMWORDS_A                         ; 2048                                          ; Untyped                            ;
; OUTDATA_REG_A                      ; UNREGISTERED                                  ; Untyped                            ;
; ADDRESS_ACLR_A                     ; NONE                                          ; Untyped                            ;
; OUTDATA_ACLR_A                     ; NONE                                          ; Untyped                            ;
; WRCONTROL_ACLR_A                   ; NONE                                          ; Untyped                            ;
; INDATA_ACLR_A                      ; NONE                                          ; Untyped                            ;
; BYTEENA_ACLR_A                     ; NONE                                          ; Untyped                            ;
; WIDTH_B                            ; 1                                             ; Untyped                            ;
; WIDTHAD_B                          ; 1                                             ; Untyped                            ;
; NUMWORDS_B                         ; 1                                             ; Untyped                            ;
; INDATA_REG_B                       ; CLOCK1                                        ; Untyped                            ;
; WRCONTROL_WRADDRESS_REG_B          ; CLOCK1                                        ; Untyped                            ;
; RDCONTROL_REG_B                    ; CLOCK1                                        ; Untyped                            ;
; ADDRESS_REG_B                      ; CLOCK1                                        ; Untyped                            ;
; OUTDATA_REG_B                      ; UNREGISTERED                                  ; Untyped                            ;
; BYTEENA_REG_B                      ; CLOCK1                                        ; Untyped                            ;
; INDATA_ACLR_B                      ; NONE                                          ; Untyped                            ;
; WRCONTROL_ACLR_B                   ; NONE                                          ; Untyped                            ;
; ADDRESS_ACLR_B                     ; NONE                                          ; Untyped                            ;
; OUTDATA_ACLR_B                     ; NONE                                          ; Untyped                            ;
; RDCONTROL_ACLR_B                   ; NONE                                          ; Untyped                            ;
; BYTEENA_ACLR_B                     ; NONE                                          ; Untyped                            ;
; WIDTH_BYTEENA_A                    ; 1                                             ; Untyped                            ;
; WIDTH_BYTEENA_B                    ; 1                                             ; Untyped                            ;
; RAM_BLOCK_TYPE                     ; AUTO                                          ; Untyped                            ;
; BYTE_SIZE                          ; 8                                             ; Untyped                            ;
; READ_DURING_WRITE_MODE_MIXED_PORTS ; DONT_CARE                                     ; Untyped                            ;
; READ_DURING_WRITE_MODE_PORT_A      ; NEW_DATA_NO_NBE_READ                          ; Untyped                            ;
; READ_DURING_WRITE_MODE_PORT_B      ; NEW_DATA_NO_NBE_READ                          ; Untyped                            ;
; INIT_FILE                          ; db/karaoke_top.ram0_font_rom_e26a0106.hdl.mif ; Untyped                            ;
; INIT_FILE_LAYOUT                   ; PORT_A                                        ; Untyped                            ;
; MAXIMUM_DEPTH                      ; 0                                             ; Untyped                            ;
; CLOCK_ENABLE_INPUT_A               ; NORMAL                                        ; Untyped                            ;
; CLOCK_ENABLE_INPUT_B               ; NORMAL                                        ; Untyped                            ;
; CLOCK_ENABLE_OUTPUT_A              ; NORMAL                                        ; Untyped                            ;
; CLOCK_ENABLE_OUTPUT_B              ; NORMAL                                        ; Untyped                            ;
; CLOCK_ENABLE_CORE_A                ; USE_INPUT_CLKEN                               ; Untyped                            ;
; CLOCK_ENABLE_CORE_B                ; USE_INPUT_CLKEN                               ; Untyped                            ;
; ENABLE_ECC                         ; FALSE                                         ; Untyped                            ;
; ECC_PIPELINE_STAGE_ENABLED         ; FALSE                                         ; Untyped                            ;
; WIDTH_ECCSTATUS                    ; 3                                             ; Untyped                            ;
; DEVICE_FAMILY                      ; Cyclone II                                    ; Untyped                            ;
; CBXI_PARAMETER                     ; altsyncram_ob71                               ; Untyped                            ;
+------------------------------------+-----------------------------------------------+------------------------------------+
Note: In order to hide this table in the UI and the text report file, please set the "Show Parameter Settings in Synthesis Report" option in "Analysis and Synthesis Settings -> More Settings" to "Off".


+-----------------------------------------------------------------------------------------------+
; Parameter Settings for Inferred Entity Instance: audio_gain_apply:u_gain_apply|lpm_mult:Mult0 ;
+------------------------------------------------+------------+---------------------------------+
; Parameter Name                                 ; Value      ; Type                            ;
+------------------------------------------------+------------+---------------------------------+
; AUTO_CARRY_CHAINS                              ; ON         ; AUTO_CARRY                      ;
; IGNORE_CARRY_BUFFERS                           ; OFF        ; IGNORE_CARRY                    ;
; AUTO_CASCADE_CHAINS                            ; ON         ; AUTO_CASCADE                    ;
; IGNORE_CASCADE_BUFFERS                         ; OFF        ; IGNORE_CASCADE                  ;
; LPM_WIDTHA                                     ; 16         ; Untyped                         ;
; LPM_WIDTHB                                     ; 7          ; Untyped                         ;
; LPM_WIDTHP                                     ; 23         ; Untyped                         ;
; LPM_WIDTHR                                     ; 23         ; Untyped                         ;
; LPM_WIDTHS                                     ; 1          ; Untyped                         ;
; LPM_REPRESENTATION                             ; SIGNED     ; Untyped                         ;
; LPM_PIPELINE                                   ; 0          ; Untyped                         ;
; LATENCY                                        ; 0          ; Untyped                         ;
; INPUT_A_IS_CONSTANT                            ; NO         ; Untyped                         ;
; INPUT_B_IS_CONSTANT                            ; NO         ; Untyped                         ;
; USE_EAB                                        ; OFF        ; Untyped                         ;
; MAXIMIZE_SPEED                                 ; 5          ; Untyped                         ;
; DEVICE_FAMILY                                  ; Cyclone II ; Untyped                         ;
; CARRY_CHAIN                                    ; MANUAL     ; Untyped                         ;
; APEX20K_TECHNOLOGY_MAPPER                      ; LUT        ; TECH_MAPPER_APEX20K             ;
; DEDICATED_MULTIPLIER_CIRCUITRY                 ; AUTO       ; Untyped                         ;
; DEDICATED_MULTIPLIER_MIN_INPUT_WIDTH_FOR_AUTO  ; 0          ; Untyped                         ;
; DEDICATED_MULTIPLIER_MIN_OUTPUT_WIDTH_FOR_AUTO ; 0          ; Untyped                         ;
; CBXI_PARAMETER                                 ; mult_10t   ; Untyped                         ;
; INPUT_A_FIXED_VALUE                            ; Bx         ; Untyped                         ;
; INPUT_B_FIXED_VALUE                            ; Bx         ; Untyped                         ;
; USE_AHDL_IMPLEMENTATION                        ; OFF        ; Untyped                         ;
+------------------------------------------------+------------+---------------------------------+
Note: In order to hide this table in the UI and the text report file, please set the "Show Parameter Settings in Synthesis Report" option in "Analysis and Synthesis Settings -> More Settings" to "Off".


+-----------------------------------------------------------------------------------------------+
; Parameter Settings for Inferred Entity Instance: audio_gain_apply:u_gain_apply|lpm_mult:Mult1 ;
+------------------------------------------------+------------+---------------------------------+
; Parameter Name                                 ; Value      ; Type                            ;
+------------------------------------------------+------------+---------------------------------+
; AUTO_CARRY_CHAINS                              ; ON         ; AUTO_CARRY                      ;
; IGNORE_CARRY_BUFFERS                           ; OFF        ; IGNORE_CARRY                    ;
; AUTO_CASCADE_CHAINS                            ; ON         ; AUTO_CASCADE                    ;
; IGNORE_CASCADE_BUFFERS                         ; OFF        ; IGNORE_CASCADE                  ;
; LPM_WIDTHA                                     ; 16         ; Untyped                         ;
; LPM_WIDTHB                                     ; 7          ; Untyped                         ;
; LPM_WIDTHP                                     ; 23         ; Untyped                         ;
; LPM_WIDTHR                                     ; 23         ; Untyped                         ;
; LPM_WIDTHS                                     ; 1          ; Untyped                         ;
; LPM_REPRESENTATION                             ; SIGNED     ; Untyped                         ;
; LPM_PIPELINE                                   ; 0          ; Untyped                         ;
; LATENCY                                        ; 0          ; Untyped                         ;
; INPUT_A_IS_CONSTANT                            ; NO         ; Untyped                         ;
; INPUT_B_IS_CONSTANT                            ; NO         ; Untyped                         ;
; USE_EAB                                        ; OFF        ; Untyped                         ;
; MAXIMIZE_SPEED                                 ; 5          ; Untyped                         ;
; DEVICE_FAMILY                                  ; Cyclone II ; Untyped                         ;
; CARRY_CHAIN                                    ; MANUAL     ; Untyped                         ;
; APEX20K_TECHNOLOGY_MAPPER                      ; LUT        ; TECH_MAPPER_APEX20K             ;
; DEDICATED_MULTIPLIER_CIRCUITRY                 ; AUTO       ; Untyped                         ;
; DEDICATED_MULTIPLIER_MIN_INPUT_WIDTH_FOR_AUTO  ; 0          ; Untyped                         ;
; DEDICATED_MULTIPLIER_MIN_OUTPUT_WIDTH_FOR_AUTO ; 0          ; Untyped                         ;
; CBXI_PARAMETER                                 ; mult_10t   ; Untyped                         ;
; INPUT_A_FIXED_VALUE                            ; Bx         ; Untyped                         ;
; INPUT_B_FIXED_VALUE                            ; Bx         ; Untyped                         ;
; USE_AHDL_IMPLEMENTATION                        ; OFF        ; Untyped                         ;
+------------------------------------------------+------------+---------------------------------+
Note: In order to hide this table in the UI and the text report file, please set the "Show Parameter Settings in Synthesis Report" option in "Analysis and Synthesis Settings -> More Settings" to "Off".


+--------------------------------------------------------------------------------------------------------------------+
; altsyncram Parameter Settings by Entity Instance                                                                   ;
+-------------------------------------------+------------------------------------------------------------------------+
; Name                                      ; Value                                                                  ;
+-------------------------------------------+------------------------------------------------------------------------+
; Number of entity instances                ; 1                                                                      ;
; Entity Instance                           ; text_renderer:u_text_renderer|font_rom:u_font_rom|altsyncram:rom_rtl_0 ;
;     -- OPERATION_MODE                     ; ROM                                                                    ;
;     -- WIDTH_A                            ; 8                                                                      ;
;     -- NUMWORDS_A                         ; 2048                                                                   ;
;     -- OUTDATA_REG_A                      ; UNREGISTERED                                                           ;
;     -- WIDTH_B                            ; 1                                                                      ;
;     -- NUMWORDS_B                         ; 1                                                                      ;
;     -- ADDRESS_REG_B                      ; CLOCK1                                                                 ;
;     -- OUTDATA_REG_B                      ; UNREGISTERED                                                           ;
;     -- RAM_BLOCK_TYPE                     ; AUTO                                                                   ;
;     -- READ_DURING_WRITE_MODE_MIXED_PORTS ; DONT_CARE                                                              ;
+-------------------------------------------+------------------------------------------------------------------------+


+--------------------------------------------------------------------------------------+
; lpm_mult Parameter Settings by Entity Instance                                       ;
+---------------------------------------+----------------------------------------------+
; Name                                  ; Value                                        ;
+---------------------------------------+----------------------------------------------+
; Number of entity instances            ; 2                                            ;
; Entity Instance                       ; audio_gain_apply:u_gain_apply|lpm_mult:Mult0 ;
;     -- LPM_WIDTHA                     ; 16                                           ;
;     -- LPM_WIDTHB                     ; 7                                            ;
;     -- LPM_WIDTHP                     ; 23                                           ;
;     -- LPM_REPRESENTATION             ; SIGNED                                       ;
;     -- INPUT_A_IS_CONSTANT            ; NO                                           ;
;     -- INPUT_B_IS_CONSTANT            ; NO                                           ;
;     -- USE_EAB                        ; OFF                                          ;
;     -- DEDICATED_MULTIPLIER_CIRCUITRY ; AUTO                                         ;
;     -- INPUT_A_FIXED_VALUE            ; Bx                                           ;
;     -- INPUT_B_FIXED_VALUE            ; Bx                                           ;
; Entity Instance                       ; audio_gain_apply:u_gain_apply|lpm_mult:Mult1 ;
;     -- LPM_WIDTHA                     ; 16                                           ;
;     -- LPM_WIDTHB                     ; 7                                            ;
;     -- LPM_WIDTHP                     ; 23                                           ;
;     -- LPM_REPRESENTATION             ; SIGNED                                       ;
;     -- INPUT_A_IS_CONSTANT            ; NO                                           ;
;     -- INPUT_B_IS_CONSTANT            ; NO                                           ;
;     -- USE_EAB                        ; OFF                                          ;
;     -- DEDICATED_MULTIPLIER_CIRCUITRY ; AUTO                                         ;
;     -- INPUT_A_FIXED_VALUE            ; Bx                                           ;
;     -- INPUT_B_FIXED_VALUE            ; Bx                                           ;
+---------------------------------------+----------------------------------------------+


+--------------------------------------------+
; Port Connectivity Checks: "hex7seg:u_hex1" ;
+-------+-------+----------+-----------------+
; Port  ; Type  ; Severity ; Details         ;
+-------+-------+----------+-----------------+
; digit ; Input ; Info     ; Stuck at GND    ;
+-------+-------+----------+-----------------+


+-----------------------------------------------------------------------------------------------------------------------+
; Port Connectivity Checks: "text_renderer:u_text_renderer|lyric_rom:u_lyric_rom"                                       ;
+-------------+--------+----------+-------------------------------------------------------------------------------------+
; Port        ; Type   ; Severity ; Details                                                                             ;
+-------------+--------+----------+-------------------------------------------------------------------------------------+
; char_out[7] ; Output ; Info     ; Connected to dangling logic. Logic that only feeds a dangling port will be removed. ;
+-------------+--------+----------+-------------------------------------------------------------------------------------+


+-------------------------------+
; Elapsed Time Per Partition    ;
+----------------+--------------+
; Partition Name ; Elapsed Time ;
+----------------+--------------+
; Top            ; 00:00:09     ;
+----------------+--------------+


+-------------------------------+
; Analysis & Synthesis Messages ;
+-------------------------------+
Info: *******************************************************************
Info: Running Quartus II 64-Bit Analysis & Synthesis
    Info: Version 13.0.1 Build 232 06/12/2013 Service Pack 1 SJ Web Edition
    Info: Processing started: Wed May 20 16:13:27 2026
Info: Command: quartus_map --read_settings_files=on --write_settings_files=off karaoke_top -c karaoke_top
Warning (20028): Parallel compilation is not licensed and has been disabled
Info (12021): Found 1 design units, including 1 entities, in source file karaoke_top.v
    Info (12023): Found entity 1: karaoke_top
Info (12021): Found 1 design units, including 1 entities, in source file volume_decoder.v
    Info (12023): Found entity 1: volume_decoder
Warning (10259): Verilog HDL error at audio_gain_apply.v(42): constant value overflow
Info (12021): Found 1 design units, including 1 entities, in source file audio_gain_apply.v
    Info (12023): Found entity 1: audio_gain_apply
Info (12021): Found 1 design units, including 1 entities, in source file audio_pll.v
    Info (12023): Found entity 1: audio_pll
Info (12021): Found 1 design units, including 1 entities, in source file i2c_av_config.v
    Info (12023): Found entity 1: i2c_av_config
Info (12021): Found 1 design units, including 1 entities, in source file i2s_receiver.v
    Info (12023): Found entity 1: i2s_receiver
Info (12021): Found 1 design units, including 1 entities, in source file i2s_transmitter.v
    Info (12023): Found entity 1: i2s_transmitter
Info (12021): Found 1 design units, including 1 entities, in source file vga_sync.v
    Info (12023): Found entity 1: vga_sync
Info (12021): Found 1 design units, including 1 entities, in source file lyric_controller.v
    Info (12023): Found entity 1: lyric_controller
Info (12021): Found 1 design units, including 1 entities, in source file lyric_rom.v
    Info (12023): Found entity 1: lyric_rom
Info (12021): Found 1 design units, including 1 entities, in source file font_rom.v
    Info (12023): Found entity 1: font_rom
Info (12021): Found 1 design units, including 1 entities, in source file text_renderer.v
    Info (12023): Found entity 1: text_renderer
Info (12021): Found 1 design units, including 1 entities, in source file hex7seg.v
    Info (12023): Found entity 1: hex7seg
Info (12127): Elaborating entity "karaoke_top" for the top level hierarchy
Info (12128): Elaborating entity "audio_pll" for hierarchy "audio_pll:u_audio_pll"
Info (12128): Elaborating entity "i2c_av_config" for hierarchy "i2c_av_config:u_i2c_cfg"
Info (10264): Verilog HDL Case Statement information at i2c_av_config.v(75): all case item expressions in this case statement are onehot
Info (12128): Elaborating entity "volume_decoder" for hierarchy "volume_decoder:u_volume_decoder"
Info (12128): Elaborating entity "i2s_receiver" for hierarchy "i2s_receiver:u_i2s_rx"
Warning (10230): Verilog HDL assignment warning at i2s_receiver.v(79): truncated value with size 32 to match size of target (5)
Info (12128): Elaborating entity "audio_gain_apply" for hierarchy "audio_gain_apply:u_gain_apply"
Info (12128): Elaborating entity "i2s_transmitter" for hierarchy "i2s_transmitter:u_i2s_tx"
Warning (10230): Verilog HDL assignment warning at i2s_transmitter.v(70): truncated value with size 32 to match size of target (5)
Info (12128): Elaborating entity "vga_sync" for hierarchy "vga_sync:u_vga_sync"
Info (12128): Elaborating entity "lyric_controller" for hierarchy "lyric_controller:u_lyric_controller"
Warning (10230): Verilog HDL assignment warning at lyric_controller.v(101): truncated value with size 32 to match size of target (5)
Info (12128): Elaborating entity "text_renderer" for hierarchy "text_renderer:u_text_renderer"
Warning (10230): Verilog HDL assignment warning at text_renderer.v(100): truncated value with size 32 to match size of target (7)
Warning (10230): Verilog HDL assignment warning at text_renderer.v(101): truncated value with size 32 to match size of target (5)
Warning (10230): Verilog HDL assignment warning at text_renderer.v(105): truncated value with size 32 to match size of target (3)
Warning (10230): Verilog HDL assignment warning at text_renderer.v(106): truncated value with size 32 to match size of target (4)
Warning (10230): Verilog HDL assignment warning at text_renderer.v(120): truncated value with size 7 to match size of target (6)
Info (12128): Elaborating entity "lyric_rom" for hierarchy "text_renderer:u_text_renderer|lyric_rom:u_lyric_rom"
Warning (10030): Net "rom.data_a" at lyric_rom.v(22) has no driver or initial value, using a default initial value '0'
Warning (10030): Net "rom.waddr_a" at lyric_rom.v(22) has no driver or initial value, using a default initial value '0'
Warning (10030): Net "rom.we_a" at lyric_rom.v(22) has no driver or initial value, using a default initial value '0'
Info (12128): Elaborating entity "font_rom" for hierarchy "text_renderer:u_text_renderer|font_rom:u_font_rom"
Warning (10030): Net "rom.data_a" at font_rom.v(22) has no driver or initial value, using a default initial value '0'
Warning (10030): Net "rom.waddr_a" at font_rom.v(22) has no driver or initial value, using a default initial value '0'
Warning (10030): Net "rom.we_a" at font_rom.v(22) has no driver or initial value, using a default initial value '0'
Info (12128): Elaborating entity "hex7seg" for hierarchy "hex7seg:u_hex0"
Info (276014): Found 1 instances of uninferred RAM logic
    Info (276007): RAM logic "text_renderer:u_text_renderer|lyric_rom:u_lyric_rom|rom" is uninferred due to asynchronous read logic
Critical Warning (127005): Memory depth (2048) in the design file differs from memory depth (1120) in the Memory Initialization File "C:/Users/itsch/OneDrive/Documents/CE213/doan/CE213-finalproject/module_version1/db/karaoke_top.ram0_lyric_rom_d2dc245a.hdl.mif" -- setting initial value for remaining addresses to 0
Info (19000): Inferred 1 megafunctions from design logic
    Info (276029): Inferred altsyncram megafunction from the following design logic: "text_renderer:u_text_renderer|font_rom:u_font_rom|rom_rtl_0" 
        Info (286033): Parameter OPERATION_MODE set to ROM
        Info (286033): Parameter WIDTH_A set to 8
        Info (286033): Parameter WIDTHAD_A set to 11
        Info (286033): Parameter NUMWORDS_A set to 2048
        Info (286033): Parameter OUTDATA_REG_A set to UNREGISTERED
        Info (286033): Parameter ADDRESS_ACLR_A set to NONE
        Info (286033): Parameter OUTDATA_ACLR_A set to NONE
        Info (286033): Parameter INDATA_ACLR_A set to NONE
        Info (286033): Parameter WRCONTROL_ACLR_A set to NONE
        Info (286033): Parameter INIT_FILE set to db/karaoke_top.ram0_font_rom_e26a0106.hdl.mif
Info (278001): Inferred 2 megafunctions from design logic
    Info (278003): Inferred multiplier megafunction ("lpm_mult") from the following logic: "audio_gain_apply:u_gain_apply|Mult0"
    Info (278003): Inferred multiplier megafunction ("lpm_mult") from the following logic: "audio_gain_apply:u_gain_apply|Mult1"
Info (12130): Elaborated megafunction instantiation "text_renderer:u_text_renderer|font_rom:u_font_rom|altsyncram:rom_rtl_0"
Info (12133): Instantiated megafunction "text_renderer:u_text_renderer|font_rom:u_font_rom|altsyncram:rom_rtl_0" with the following parameter:
    Info (12134): Parameter "OPERATION_MODE" = "ROM"
    Info (12134): Parameter "WIDTH_A" = "8"
    Info (12134): Parameter "WIDTHAD_A" = "11"
    Info (12134): Parameter "NUMWORDS_A" = "2048"
    Info (12134): Parameter "OUTDATA_REG_A" = "UNREGISTERED"
    Info (12134): Parameter "ADDRESS_ACLR_A" = "NONE"
    Info (12134): Parameter "OUTDATA_ACLR_A" = "NONE"
    Info (12134): Parameter "INDATA_ACLR_A" = "NONE"
    Info (12134): Parameter "WRCONTROL_ACLR_A" = "NONE"
    Info (12134): Parameter "INIT_FILE" = "db/karaoke_top.ram0_font_rom_e26a0106.hdl.mif"
Info (12021): Found 1 design units, including 1 entities, in source file db/altsyncram_ob71.tdf
    Info (12023): Found entity 1: altsyncram_ob71
Info (12130): Elaborated megafunction instantiation "audio_gain_apply:u_gain_apply|lpm_mult:Mult0"
Info (12133): Instantiated megafunction "audio_gain_apply:u_gain_apply|lpm_mult:Mult0" with the following parameter:
    Info (12134): Parameter "LPM_WIDTHA" = "16"
    Info (12134): Parameter "LPM_WIDTHB" = "7"
    Info (12134): Parameter "LPM_WIDTHP" = "23"
    Info (12134): Parameter "LPM_WIDTHR" = "23"
    Info (12134): Parameter "LPM_WIDTHS" = "1"
    Info (12134): Parameter "LPM_REPRESENTATION" = "SIGNED"
    Info (12134): Parameter "INPUT_A_IS_CONSTANT" = "NO"
    Info (12134): Parameter "INPUT_B_IS_CONSTANT" = "NO"
    Info (12134): Parameter "MAXIMIZE_SPEED" = "5"
Info (12021): Found 1 design units, including 1 entities, in source file db/mult_10t.tdf
    Info (12023): Found entity 1: mult_10t
Info (13000): Registers with preset signals will power-up high
Info (13003): DEV_CLRn pin will set, and not reset, register with preset signal due to NOT Gate Push-Back
Warning (13024): Output pins are stuck at VCC or GND
    Warning (13410): Pin "LEDR[11]" is stuck at GND
    Warning (13410): Pin "LEDR[12]" is stuck at GND
    Warning (13410): Pin "LEDR[13]" is stuck at GND
    Warning (13410): Pin "LEDR[14]" is stuck at GND
    Warning (13410): Pin "LEDR[15]" is stuck at GND
    Warning (13410): Pin "LEDR[16]" is stuck at GND
    Warning (13410): Pin "HEX1[0]" is stuck at GND
    Warning (13410): Pin "HEX1[1]" is stuck at GND
    Warning (13410): Pin "HEX1[2]" is stuck at GND
    Warning (13410): Pin "HEX1[3]" is stuck at GND
    Warning (13410): Pin "HEX1[4]" is stuck at GND
    Warning (13410): Pin "HEX1[5]" is stuck at GND
    Warning (13410): Pin "HEX1[6]" is stuck at VCC
    Warning (13410): Pin "HEX2[0]" is stuck at VCC
    Warning (13410): Pin "HEX2[1]" is stuck at VCC
    Warning (13410): Pin "HEX2[2]" is stuck at VCC
    Warning (13410): Pin "HEX2[3]" is stuck at VCC
    Warning (13410): Pin "HEX2[4]" is stuck at VCC
    Warning (13410): Pin "HEX2[5]" is stuck at VCC
    Warning (13410): Pin "HEX2[6]" is stuck at VCC
    Warning (13410): Pin "HEX3[0]" is stuck at VCC
    Warning (13410): Pin "HEX3[1]" is stuck at VCC
    Warning (13410): Pin "HEX3[2]" is stuck at VCC
    Warning (13410): Pin "HEX3[3]" is stuck at VCC
    Warning (13410): Pin "HEX3[4]" is stuck at VCC
    Warning (13410): Pin "HEX3[5]" is stuck at VCC
    Warning (13410): Pin "HEX3[6]" is stuck at VCC
    Warning (13410): Pin "HEX4[0]" is stuck at VCC
    Warning (13410): Pin "HEX4[1]" is stuck at VCC
    Warning (13410): Pin "HEX4[2]" is stuck at VCC
    Warning (13410): Pin "HEX4[3]" is stuck at VCC
    Warning (13410): Pin "HEX4[4]" is stuck at VCC
    Warning (13410): Pin "HEX4[5]" is stuck at VCC
    Warning (13410): Pin "HEX4[6]" is stuck at VCC
    Warning (13410): Pin "HEX5[0]" is stuck at VCC
    Warning (13410): Pin "HEX5[1]" is stuck at VCC
    Warning (13410): Pin "HEX5[2]" is stuck at VCC
    Warning (13410): Pin "HEX5[3]" is stuck at VCC
    Warning (13410): Pin "HEX5[4]" is stuck at VCC
    Warning (13410): Pin "HEX5[5]" is stuck at VCC
    Warning (13410): Pin "HEX5[6]" is stuck at VCC
    Warning (13410): Pin "HEX6[0]" is stuck at VCC
    Warning (13410): Pin "HEX6[1]" is stuck at VCC
    Warning (13410): Pin "HEX6[2]" is stuck at VCC
    Warning (13410): Pin "HEX6[3]" is stuck at VCC
    Warning (13410): Pin "HEX6[4]" is stuck at VCC
    Warning (13410): Pin "HEX6[5]" is stuck at VCC
    Warning (13410): Pin "HEX6[6]" is stuck at VCC
    Warning (13410): Pin "HEX7[0]" is stuck at VCC
    Warning (13410): Pin "HEX7[1]" is stuck at VCC
    Warning (13410): Pin "HEX7[2]" is stuck at VCC
    Warning (13410): Pin "HEX7[3]" is stuck at VCC
    Warning (13410): Pin "HEX7[4]" is stuck at VCC
    Warning (13410): Pin "HEX7[5]" is stuck at VCC
    Warning (13410): Pin "HEX7[6]" is stuck at VCC
    Warning (13410): Pin "VGA_R[0]" is stuck at GND
    Warning (13410): Pin "VGA_R[1]" is stuck at GND
    Warning (13410): Pin "VGA_R[2]" is stuck at GND
    Warning (13410): Pin "VGA_R[3]" is stuck at GND
    Warning (13410): Pin "VGA_R[4]" is stuck at GND
    Warning (13410): Pin "VGA_R[5]" is stuck at GND
    Warning (13410): Pin "VGA_G[0]" is stuck at GND
    Warning (13410): Pin "VGA_G[1]" is stuck at GND
    Warning (13410): Pin "VGA_G[2]" is stuck at GND
    Warning (13410): Pin "VGA_G[3]" is stuck at GND
    Warning (13410): Pin "VGA_G[4]" is stuck at GND
    Warning (13410): Pin "VGA_G[5]" is stuck at GND
    Warning (13410): Pin "VGA_G[6]" is stuck at GND
    Warning (13410): Pin "VGA_B[0]" is stuck at GND
    Warning (13410): Pin "VGA_B[1]" is stuck at GND
    Warning (13410): Pin "VGA_B[2]" is stuck at GND
    Warning (13410): Pin "VGA_B[3]" is stuck at GND
    Warning (13410): Pin "VGA_B[4]" is stuck at GND
    Warning (13410): Pin "VGA_B[5]" is stuck at GND
    Warning (13410): Pin "VGA_B[6]" is stuck at GND
    Warning (13410): Pin "VGA_B[7]" is stuck at GND
    Warning (13410): Pin "VGA_B[8]" is stuck at GND
    Warning (13410): Pin "VGA_B[9]" is stuck at GND
    Warning (13410): Pin "VGA_SYNC" is stuck at GND
Info (17049): 23 registers lost all their fanouts during netlist optimizations.
Info (16010): Generating hard_block partition "hard_block:auto_generated_inst"
    Info (16011): Adding 0 node(s), including 0 DDIO, 0 PLL, 0 transceiver and 0 LCELL
Warning (21074): Design contains 14 input pin(s) that do not drive logic
    Warning (15610): No output dependent on input pin "CLOCK_27"
    Warning (15610): No output dependent on input pin "SW[4]"
    Warning (15610): No output dependent on input pin "SW[5]"
    Warning (15610): No output dependent on input pin "SW[6]"
    Warning (15610): No output dependent on input pin "SW[7]"
    Warning (15610): No output dependent on input pin "SW[8]"
    Warning (15610): No output dependent on input pin "SW[9]"
    Warning (15610): No output dependent on input pin "SW[10]"
    Warning (15610): No output dependent on input pin "SW[11]"
    Warning (15610): No output dependent on input pin "SW[12]"
    Warning (15610): No output dependent on input pin "SW[13]"
    Warning (15610): No output dependent on input pin "SW[14]"
    Warning (15610): No output dependent on input pin "SW[15]"
    Warning (15610): No output dependent on input pin "SW[16]"
Info (21057): Implemented 1285 device resources after synthesis - the final resource count might be different
    Info (21058): Implemented 28 input pins
    Info (21059): Implemented 121 output pins
    Info (21060): Implemented 1 bidirectional pins
    Info (21061): Implemented 1123 logic cells
    Info (21064): Implemented 8 RAM segments
    Info (21062): Implemented 4 DSP elements
Info: Quartus II 64-Bit Analysis & Synthesis was successful. 0 errors, 112 warnings
    Info: Peak virtual memory: 4650 megabytes
    Info: Processing ended: Wed May 20 16:13:39 2026
    Info: Elapsed time: 00:00:12
    Info: Total CPU time (on all processors): 00:00:11


